Microchip MPLAB XC8 Compiler V2.30

Linker command line:

-W-3 --edf=C:\Program Files\Microchip\xc8\v2.30\pic\dat\en_msgs.txt -cn \
  -h+dist/default/production\segProg_18F4550.X.production.sym \
  --cmf=dist/default/production\segProg_18F4550.X.production.cmf -z \
  -Q18F4550 -oC:\Users\gustavo\AppData\Local\Temp\s5n0x2 \
  --defsym=__MPLAB_BUILD=1 \
  -Mdist/default/production/segProg_18F4550.X.production.map -E1 \
  -ver=XC8 Compiler --acfsm=1493 -ASTACK=016Ah-07FFh -pstack=STACK \
  -ACODE=00h-07FFFh -ACONST=00h-07FFFh -ASMALLCONST=0800h-08FFhx120 \
  -AMEDIUMCONST=0800h-07FFFh -ACOMRAM=01h-05Fh -AABS1=00h-07FFh \
  -ABIGRAM=01h-07FFh -ARAM=060h-0FFh,0100h-01FFhx7 -ABANK0=060h-0FFh \
  -ABANK1=0100h-01FFh -ABANK2=0200h-02FFh -ABANK3=0300h-03FFh \
  -ABANK4=0400h-04FFh -ABANK5=0500h-05FFh -ABANK6=0600h-06FFh \
  -ABANK7=0700h-07FFh -ASFR=0F60h-0FFFh -ACONFIG=0300000h-030000Dh \
  -AIDLOC=0200000h-0200007h -AEEDATA=0F00000h-0F000FFh -peeprom_data=EEDATA \
  -preset_vec=00h,intcode=08h,intcodelo,powerup,init -pramtop=0800h \
  -psmallconst=SMALLCONST -pmediumconst=MEDIUMCONST -pconst=CONST \
  -AFARRAM=00h-00h \
  -prdata=COMRAM,nvrram=COMRAM,nvbit=COMRAM,rbss=COMRAM,rbit=COMRAM \
  -pfarbss=FARRAM,fardata=FARRAM,nvFARRAM=FARRAM \
  -pintsave_regs=BIGRAM,bigbss=BIGRAM,bigdata=BIGRAM -pbss=RAM \
  -pidata=CODE,irdata=CODE,ibigdata=CODE,ifardata=CODE -prparam=COMRAM \
  C:\Users\gustavo\AppData\Local\Temp\s5n0x8.o \
  dist/default/production\segProg_18F4550.X.production.o 

Object code version is 3.11

Machine type is 18F4550



                Name                               Link     Load   Length Selector   Space Scale
C:\Users\gustavo\AppData\Local\Temp\s5n0x8.o
                idloc                            200000   200000        8        0       5
                config                           300000   300000        E        0       4
                init                                  E        E        4        4       0
                reset_vec                             0        0        4        0       0
dist/default/production\segProg_18F4550.X.production.o
                intcode                               8        8        6        4       0
                idloc                            200000   200000        8        0       5
                config                           300000   300000        E        0       4
                temp                                 5E       5E        1        1       1
                mediumconst                        7BDC     7BDC      424     3DEE       0
                text87                             3C0A     3C0A       30        4       0
                intcode_body                       3CF2     3CF2       2C        4       0
                text85                             3066     3066       A4        4       0
                text84                             3AC4     3AC4       3A        4       0
                text83                             3EB4     3EB4       14        4       0
                text82                             3EFE     3EFE       10        4       0
                text81                             3EA0     3EA0       14        4       0
                text80                             3E4E     3E4E       16        4       0
                text79                             3CC4     3CC4       2E        4       0
                text78                             3A4A     3A4A       3E        4       0
                text77                             397C     397C       48        4       0
                text76                             3DB2     3DB2       22        4       0
                text75                             3F60     3F60        8        4       0
                text74                             3E8C     3E8C       14        4       0
                text73                             2FC0     2FC0       A6        4       0
                text72                             270E     270E      138        4       0
                text71                             2E68     2E68       B0        4       0
                text70                             2846     2846      10C        4       0
                text69                             34C6     34C6       6A        4       0
                text68                             3F74     3F74        6        4       0
                text67                             3E38     3E38       16        4       0
                text66                             3F0E     3F0E        E        4       0
                text65                             3D6C     3D6C       24        4       0
                text64                             3D1E     3D1E       28        4       0
                text63                             3A08     3A08       42        4       0
                text62                             3C96     3C96       2E        4       0
                text61                             3B36     3B36       38        4       0
                text60                             33E4     33E4       74        4       0
                text59                             3C68     3C68       2E        4       0
                text58                             3D46     3D46       26        4       0
                text57                             3934     3934       48        4       0
                text56                             3856     3856       4E        4       0
                text55                             2952     2952       F0        4       0
                text54                             3530     3530       62        4       0
                text53                             38EC     38EC       48        4       0
                text52                             3F58     3F58        8        4       0
                text51                             3BA4     3BA4       36        4       0
                text50                             35F0     35F0       5E        4       0
                text49                             247A     247A      154        4       0
                text48                             2CF4     2CF4       C4        4       0
                text47                             3A88     3A88       3C        4       0
                text46                             2B2A     2B2A       E8        4       0
                text45                             3758     3758       58        4       0
                text44                             3F4E     3F4E        A        4       0
                text43                             38A4     38A4       48        4       0
                text42                             3700     3700       58        4       0
                text41                             3F44     3F44        A        4       0
                text40                             31AA     31AA       9A        4       0
                text39                             25CE     25CE      140        4       0
                text38                             3244     3244       98        4       0
                text37                             3E22     3E22       16        4       0
                text36                             3F82     3F82        4        4       0
                text35                             3E78     3E78       14        4       0
                text34                             3592     3592       5E        4       0
                text33                             2DB8     2DB8       B0        4       0
                text32                             1E92     1E92      2E4        4       0
                text31                             3F7E     3F7E        4        4       0
                text30                             3E0C     3E0C       16        4       0
                text29                             3DD4     3DD4       1E        4       0
                text28                             3F3A     3F3A        A        4       0
                text27                             3C3A     3C3A       2E        4       0
                text26                             3F30     3F30        A        4       0
                text25                             2A42     2A42       E8        4       0
                text24                             3806     3806       50        4       0
                text23                             2300     2300      17A        4       0
                text22                             3EEC     3EEC       12        4       0
                text21                             3F7A     3F7A        4        4       0
                text20                             3EDA     3EDA       12        4       0
                text19                             2176     2176      18A        4       0
                text18                             3F26     3F26        A        4       0
                text17                             3F6E     3F6E        6        4       0
                text16                             310A     310A       A0        4       0
                text15                             3366     3366       7E        4       0
                text14                             3D90     3D90       22        4       0
                text13                             39C4     39C4       44        4       0
                text12                             364E     364E       5A        4       0
                text11                             3F68     3F68        6        4       0
                text10                             36A8     36A8       58        4       0
                text9                              3E64     3E64       14        4       0
                text8                              2C12     2C12       E2        4       0
                text7                              3EC8     3EC8       12        4       0
                text6                              2F18     2F18       A8        4       0
                text5                              3B6E     3B6E       36        4       0
                text4                              3F1C     3F1C        A        4       0
                text3                              3DF2     3DF2       1A        4       0
                text2                              3458     3458       6E        4       0
                text1                              3BDA     3BDA       30        4       0
                text0                                12       12     1E80        4       0
                cstackCOMRAM                         31       31       2A        1       1
                cstackBANK0                          60       60       5D       60       1
                dataBANK1                           100      100       56      100       1
                bssBANK1                            156      156       14      100       1
                dataBANK0                            BD       BD       38       60       1
                bssBANK0                             F5       F5        2       60       1
                dataCOMRAM                           5B       5B        3        1       1
                bssCOMRAM                             1        1       30        1       1
                cinit                              32DC     32DC       8A        4       0
                idataBANK1                         37B0     37B0       56        4       0
                idataBANK0                         3AFE     3AFE       38        4       0
                idataCOMRAM                        3F86     3F86        3        4       0

TOTAL           Name                               Link     Load   Length     Space
        CLASS   STACK          

        CLASS   CODE           
                intcode                               8        8        6         0
                init                                  E        E        4         0
                reset_vec                             0        0        4         0
                text87                             3C0A     3C0A       30         0
                intcode_body                       3CF2     3CF2       2C         0
                text85                             3066     3066       A4         0
                text84                             3AC4     3AC4       3A         0
                text83                             3EB4     3EB4       14         0
                text82                             3EFE     3EFE       10         0
                text81                             3EA0     3EA0       14         0
                text80                             3E4E     3E4E       16         0
                text79                             3CC4     3CC4       2E         0
                text78                             3A4A     3A4A       3E         0
                text77                             397C     397C       48         0
                text76                             3DB2     3DB2       22         0
                text75                             3F60     3F60        8         0
                text74                             3E8C     3E8C       14         0
                text73                             2FC0     2FC0       A6         0
                text72                             270E     270E      138         0
                text71                             2E68     2E68       B0         0
                text70                             2846     2846      10C         0
                text69                             34C6     34C6       6A         0
                text68                             3F74     3F74        6         0
                text67                             3E38     3E38       16         0
                text66                             3F0E     3F0E        E         0
                text65                             3D6C     3D6C       24         0
                text64                             3D1E     3D1E       28         0
                text63                             3A08     3A08       42         0
                text62                             3C96     3C96       2E         0
                text61                             3B36     3B36       38         0
                text60                             33E4     33E4       74         0
                text59                             3C68     3C68       2E         0
                text58                             3D46     3D46       26         0
                text57                             3934     3934       48         0
                text56                             3856     3856       4E         0
                text55                             2952     2952       F0         0
                text54                             3530     3530       62         0
                text53                             38EC     38EC       48         0
                text52                             3F58     3F58        8         0
                text51                             3BA4     3BA4       36         0
                text50                             35F0     35F0       5E         0
                text49                             247A     247A      154         0
                text48                             2CF4     2CF4       C4         0
                text47                             3A88     3A88       3C         0
                text46                             2B2A     2B2A       E8         0
                text45                             3758     3758       58         0
                text44                             3F4E     3F4E        A         0
                text43                             38A4     38A4       48         0
                text42                             3700     3700       58         0
                text41                             3F44     3F44        A         0
                text40                             31AA     31AA       9A         0
                text39                             25CE     25CE      140         0
                text38                             3244     3244       98         0
                text37                             3E22     3E22       16         0
                text36                             3F82     3F82        4         0
                text35                             3E78     3E78       14         0
                text34                             3592     3592       5E         0
                text33                             2DB8     2DB8       B0         0
                text32                             1E92     1E92      2E4         0
                text31                             3F7E     3F7E        4         0
                text30                             3E0C     3E0C       16         0
                text29                             3DD4     3DD4       1E         0
                text28                             3F3A     3F3A        A         0
                text27                             3C3A     3C3A       2E         0
                text26                             3F30     3F30        A         0
                text25                             2A42     2A42       E8         0
                text24                             3806     3806       50         0
                text23                             2300     2300      17A         0
                text22                             3EEC     3EEC       12         0
                text21                             3F7A     3F7A        4         0
                text20                             3EDA     3EDA       12         0
                text19                             2176     2176      18A         0
                text18                             3F26     3F26        A         0
                text17                             3F6E     3F6E        6         0
                text16                             310A     310A       A0         0
                text15                             3366     3366       7E         0
                text14                             3D90     3D90       22         0
                text13                             39C4     39C4       44         0
                text12                             364E     364E       5A         0
                text11                             3F68     3F68        6         0
                text10                             36A8     36A8       58         0
                text9                              3E64     3E64       14         0
                text8                              2C12     2C12       E2         0
                text7                              3EC8     3EC8       12         0
                text6                              2F18     2F18       A8         0
                text5                              3B6E     3B6E       36         0
                text4                              3F1C     3F1C        A         0
                text3                              3DF2     3DF2       1A         0
                text2                              3458     3458       6E         0
                text1                              3BDA     3BDA       30         0
                text0                                12       12     1E80         0
                cinit                              32DC     32DC       8A         0
                idataBANK1                         37B0     37B0       56         0
                idataBANK0                         3AFE     3AFE       38         0
                idataCOMRAM                        3F86     3F86        3         0

        CLASS   CONST          

        CLASS   SMALLCONST     

        CLASS   MEDIUMCONST    
                mediumconst                        7BDC     7BDC      424         0

        CLASS   COMRAM         
                temp                                 5E       5E        1         1
                cstackCOMRAM                         31       31       2A         1
                dataCOMRAM                           5B       5B        3         1
                bssCOMRAM                             1        1       30         1

        CLASS   ABS1           

        CLASS   BIGRAM         

        CLASS   RAM            

        CLASS   BANK0          
                cstackBANK0                          60       60       5D         1
                dataBANK0                            BD       BD       38         1
                bssBANK0                             F5       F5        2         1

        CLASS   BANK1          
                dataBANK1                           100      100       56         1
                bssBANK1                            156      156       14         1

        CLASS   BANK2          

        CLASS   BANK3          

        CLASS   BANK4          

        CLASS   BANK5          

        CLASS   BANK6          

        CLASS   BANK7          

        CLASS   SFR            

        CLASS   CONFIG         
                config                           300000   300000        E         4

        CLASS   IDLOC          
                idloc                            200000   200000        8         5

        CLASS   EEDATA         

        CLASS   FARRAM         



SEGMENTS        Name                           Load    Length   Top    Selector   Space  Class

                reset_vec                      000000  000004  000004         0       0  CODE    
                bssCOMRAM                      000001  00005E  00005F         1       1  COMRAM  
                intcode                        000008  003F81  003F89         4       0  CODE    
                cstackBANK0                    000060  000097  0000F7        60       1  BANK0   
                dataBANK1                      000100  00006A  00016A       100       1  BANK1   
                mediumconst                    007BDC  000424  008000      3DEE       0  MEDIUMCO


UNUSED ADDRESS RANGES

        Name                Unused          Largest block    Delta
        BANK0            0000F7-0000FF                9
        BANK1            00016A-0001FF               96
        BANK2            000200-0002FF              100
        BANK3            000300-0003FF              100
        BANK4            000400-0004FF              100
        BANK5            000500-0005FF              100
        BANK6            000600-0006FF              100
        BANK7            000700-0007FF              100
        BIGRAM           00005F-00005F                1
                         0000F7-0000FF                9
                         00016A-0007FF              696
        CODE             000004-000007                4
                         003F89-007BDB             3C53
        COMRAM           00005F-00005F                1
        CONST            000004-000007                4
                         003F89-007BDB             3C53
        EEDATA           F00000-F000FF              100
        MEDIUMCONST      003F89-007BDB             3C53
        RAM              0000F7-0000FF                9
                         00016A-0007FF              100
        SFR              000F60-000FFF               A0
        SMALLCONST       003F89-007BDB              100
        STACK            00016A-0007FF              696

                                  Symbol Table

?___aldiv                         cstackCOMRAM 00003D
?___awdiv                         cstackCOMRAM 000031
?___awmod                         cstackCOMRAM 000031
?___lldiv                         cstackCOMRAM 000031
?___lmul                          cstackCOMRAM 000031
?___lwdiv                         cstackCOMRAM 000031
?___wmul                          cstackCOMRAM 000031
?_end_receita                     cstackCOMRAM 000031
?_fifo_adrs                       cstackCOMRAM 000031
?_getCiclos                       cstackCOMRAM 000031
?_getContCiclos                   cstackCOMRAM 000031
?_statusT1                        cstackCOMRAM 000031
EEPROM_read@addr                  cstackCOMRAM 000031
EEPROM_write@addr                 cstackCOMRAM 000032
EEPROM_write@data                 cstackCOMRAM 000031
I2C_init@freq                     cstackCOMRAM 00003E
I2C_tx@b                          cstackCOMRAM 000031
MCP4725@Vout                      cstackCOMRAM 00004B
Wifi_cipsend@F3299                dataBANK1    00011E
Wifi_connect@F3287                dataBANK1    000100
Wifi_connect@i                    cstackCOMRAM 000058
Wifi_connect@pass                 cstackCOMRAM 000036
Wifi_connect@ssid                 cstackCOMRAM 000034
Wifi_connect@str                  cstackCOMRAM 00003A
Wifi_mode@d                       cstackCOMRAM 000034
_ADCON1                           (abs)        000FC1
_BAUDCONbits                      (abs)        000FB8
_EEADR                            (abs)        000FA9
_EECON1bits                       (abs)        000FA6
_EECON2                           (abs)        000FA7
_EEDATA                           (abs)        000FA8
_EEPROM                           dataBANK0    0000EB
_EEPROM_read                      text66       003F0E
_EEPROM_write                     text62       003C96
_I2C_ack_receive                  text82       003EFE
_I2C_init                         text84       003AC4
_I2C_start                        text81       003EA0
_I2C_stop                         text83       003EB4
_I2C_tx                           text80       003E4E
_IHM                              dataBANK0    0000E1
_INTCONbits                       (abs)        000FF2
_LCDbits                          (abs)        000F8A
_MCP4725                          text76       003DB2
_PIE1bits                         (abs)        000F9D
_PIR1bits                         (abs)        000F9E
_PORTAbits                        (abs)        000F80
_PORTD                            (abs)        000F83
_RCREG                            (abs)        000FAE
_RCSTAbits                        (abs)        000FAB
_SERIALIO                         (abs)        000F80
_SPBRbits                         (abs)        000FAF
_SSPADD                           (abs)        000FC8
_SSPBUF                           (abs)        000FC9
_SSPCON1bits                      (abs)        000FC6
_SSPCON2bits                      (abs)        000FC5
_SSPSTATbits                      (abs)        000FC7
_T1CONbits                        (abs)        000FCD
_TMR1H                            (abs)        000FCF
_TMR1L                            (abs)        000FCE
_TRISAbits                        (abs)        000F92
_TRISBbits                        (abs)        000F93
_TRISCbits                        (abs)        000F94
_TRISD                            (abs)        000F95
_TXREG                            (abs)        000FAD
_TXSTAbits                        (abs)        000FAC
_Wifi_autoconnect                 (abs)        000000
_Wifi_cipsend                     (abs)        000000
_Wifi_config_servidor             (abs)        000000
_Wifi_connect                     text72       00270E
_Wifi_ip                          (abs)        000000
_Wifi_mode                        text71       002E68
_Wifi_scan                        (abs)        000000
__HRAM                            (abs)        000000
__Habs1                           abs1         000000
__Hbank0                          bank0        000000
__Hbank1                          bank1        000000
__Hbank2                          bank2        000000
__Hbank3                          bank3        000000
__Hbank4                          bank4        000000
__Hbank5                          bank5        000000
__Hbank6                          bank6        000000
__Hbank7                          bank7        000000
__Hbigbss                         bigbss       000000
__Hbigdata                        bigdata      000000
__Hbigram                         bigram       000000
__Hbss                            bss          000000
__HbssBANK0                       bssBANK0     000000
__HbssBANK1                       bssBANK1     000000
__HbssCOMRAM                      bssCOMRAM    000000
__Hcinit                          cinit        000000
__Hclrtext                        clrtext      000000
__Hcomram                         comram       000000
__Hconfig                         config       30000E
__Hconst                          const        000000
__HcstackBANK0                    cstackBANK0  000000
__HcstackCOMRAM                   cstackCOMRAM 000000
__Hdata                           data         000000
__HdataBANK0                      dataBANK0    000000
__HdataBANK1                      dataBANK1    000000
__HdataCOMRAM                     dataCOMRAM   000000
__Heeprom_data                    eeprom_data  000000
__Hfarbss                         farbss       000000
__Hfardata                        fardata      000000
__Hibigdata                       ibigdata     000000
__Hidata                          idata        000000
__HidataBANK0                     idataBANK0   000000
__HidataBANK1                     idataBANK1   000000
__HidataCOMRAM                    idataCOMRAM  000000
__Hidloc                          idloc        200008
__Hifardata                       ifardata     000000
__Hinit                           init         000012
__Hintcode                        intcode      00000E
__Hintcode_body                   intcode_body 000000
__Hintcodelo                      intcodelo    00000E
__Hintentry                       intentry     000000
__Hintret                         intret       000000
__Hintsave_regs                   intsave_regs 000000
__Hirdata                         irdata       000000
__Hmediumconst                    mediumconst  008000
__HnvFARRAM                       nvFARRAM     000000
__Hnvbit                          nvbit        000000
__Hnvrram                         nvrram       000000
__Hparam                          rparam       000000
__Hpowerup                        powerup      00000E
__Hram                            ram          000000
__Hramtop                         ramtop       000800
__Hrbit                           rbit         000000
__Hrbss                           rbss         000000
__Hrdata                          rdata        000000
__Hreset_vec                      reset_vec    000004
__Hrparam                         rparam       000000
__Hsfr                            sfr          000000
__Hsmallconst                     smallconst   000000
__Hspace_0                        (abs)        008000
__Hspace_1                        (abs)        00016A
__Hspace_2                        (abs)        000000
__Hspace_4                        (abs)        60000E
__Hstack                          stack        000000
__Hstruct                         struct       000000
__Htemp                           temp         00005F
__Htext                           text         000000
__Htext0                          text0        000000
__Htext1                          text1        000000
__Htext10                         text10       000000
__Htext11                         text11       000000
__Htext12                         text12       000000
__Htext13                         text13       000000
__Htext14                         text14       000000
__Htext15                         text15       000000
__Htext16                         text16       000000
__Htext17                         text17       000000
__Htext18                         text18       000000
__Htext19                         text19       000000
__Htext2                          text2        000000
__Htext20                         text20       000000
__Htext21                         text21       000000
__Htext22                         text22       000000
__Htext23                         text23       000000
__Htext24                         text24       000000
__Htext25                         text25       000000
__Htext26                         text26       000000
__Htext27                         text27       000000
__Htext28                         text28       000000
__Htext29                         text29       000000
__Htext3                          text3        000000
__Htext30                         text30       000000
__Htext31                         text31       000000
__Htext32                         text32       000000
__Htext33                         text33       000000
__Htext34                         text34       000000
__Htext35                         text35       000000
__Htext36                         text36       000000
__Htext37                         text37       000000
__Htext38                         text38       000000
__Htext39                         text39       000000
__Htext4                          text4        000000
__Htext40                         text40       000000
__Htext41                         text41       000000
__Htext42                         text42       000000
__Htext43                         text43       000000
__Htext44                         text44       000000
__Htext45                         text45       000000
__Htext46                         text46       000000
__Htext47                         text47       000000
__Htext48                         text48       000000
__Htext49                         text49       000000
__Htext5                          text5        000000
__Htext50                         text50       000000
__Htext51                         text51       000000
__Htext52                         text52       000000
__Htext53                         text53       000000
__Htext54                         text54       000000
__Htext55                         text55       000000
__Htext56                         text56       000000
__Htext57                         text57       000000
__Htext58                         text58       000000
__Htext59                         text59       000000
__Htext6                          text6        000000
__Htext60                         text60       000000
__Htext61                         text61       000000
__Htext62                         text62       000000
__Htext63                         text63       000000
__Htext64                         text64       000000
__Htext65                         text65       000000
__Htext66                         text66       000000
__Htext67                         text67       000000
__Htext68                         text68       000000
__Htext69                         text69       000000
__Htext7                          text7        000000
__Htext70                         text70       000000
__Htext71                         text71       000000
__Htext72                         text72       000000
__Htext73                         text73       000000
__Htext74                         text74       000000
__Htext75                         text75       000000
__Htext76                         text76       000000
__Htext77                         text77       000000
__Htext78                         text78       000000
__Htext79                         text79       000000
__Htext8                          text8        000000
__Htext80                         text80       000000
__Htext81                         text81       000000
__Htext82                         text82       000000
__Htext83                         text83       000000
__Htext84                         text84       000000
__Htext85                         text85       000000
__Htext87                         text87       000000
__Htext88                         text88       000000
__Htext9                          text9        000000
__LRAM                            (abs)        000001
__Labs1                           abs1         000000
__Lbank0                          bank0        000000
__Lbank1                          bank1        000000
__Lbank2                          bank2        000000
__Lbank3                          bank3        000000
__Lbank4                          bank4        000000
__Lbank5                          bank5        000000
__Lbank6                          bank6        000000
__Lbank7                          bank7        000000
__Lbigbss                         bigbss       000000
__Lbigdata                        bigdata      000000
__Lbigram                         bigram       000000
__Lbss                            bss          000000
__LbssBANK0                       bssBANK0     000000
__LbssBANK1                       bssBANK1     000000
__LbssCOMRAM                      bssCOMRAM    000000
__Lcinit                          cinit        000000
__Lclrtext                        clrtext      000000
__Lcomram                         comram       000000
__Lconfig                         config       000000
__Lconst                          const        000000
__LcstackBANK0                    cstackBANK0  000000
__LcstackCOMRAM                   cstackCOMRAM 000000
__Ldata                           data         000000
__LdataBANK0                      dataBANK0    000000
__LdataBANK1                      dataBANK1    000000
__LdataCOMRAM                     dataCOMRAM   000000
__Leeprom_data                    eeprom_data  000000
__Lfarbss                         farbss       000000
__Lfardata                        fardata      000000
__Libigdata                       ibigdata     000000
__Lidata                          idata        000000
__LidataBANK0                     idataBANK0   000000
__LidataBANK1                     idataBANK1   000000
__LidataCOMRAM                    idataCOMRAM  000000
__Lidloc                          idloc        000000
__Lifardata                       ifardata     000000
__Linit                           init         00000E
__Lintcode                        intcode      000008
__Lintcode_body                   intcode_body 000000
__Lintcodelo                      intcodelo    00000E
__Lintentry                       intentry     000000
__Lintret                         intret       000000
__Lintsave_regs                   intsave_regs 000000
__Lirdata                         irdata       000000
__Lmediumconst                    mediumconst  007BDC
__LnvFARRAM                       nvFARRAM     000000
__Lnvbit                          nvbit        000000
__Lnvrram                         nvrram       000000
__Lparam                          rparam       000000
__Lpowerup                        powerup      00000E
__Lram                            ram          000000
__Lramtop                         ramtop       000800
__Lrbit                           rbit         000000
__Lrbss                           rbss         000000
__Lrdata                          rdata        000000
__Lreset_vec                      reset_vec    000000
__Lrparam                         rparam       000000
__Lsfr                            sfr          000000
__Lsmallconst                     smallconst   000000
__Lspace_0                        (abs)        000000
__Lspace_1                        (abs)        000000
__Lspace_2                        (abs)        000000
__Lspace_4                        (abs)        000000
__Lstack                          stack        000000
__Lstruct                         struct       000000
__Ltemp                           temp         00005E
__Ltext                           text         000000
__Ltext0                          text0        000000
__Ltext1                          text1        000000
__Ltext10                         text10       000000
__Ltext11                         text11       000000
__Ltext12                         text12       000000
__Ltext13                         text13       000000
__Ltext14                         text14       000000
__Ltext15                         text15       000000
__Ltext16                         text16       000000
__Ltext17                         text17       000000
__Ltext18                         text18       000000
__Ltext19                         text19       000000
__Ltext2                          text2        000000
__Ltext20                         text20       000000
__Ltext21                         text21       000000
__Ltext22                         text22       000000
__Ltext23                         text23       000000
__Ltext24                         text24       000000
__Ltext25                         text25       000000
__Ltext26                         text26       000000
__Ltext27                         text27       000000
__Ltext28                         text28       000000
__Ltext29                         text29       000000
__Ltext3                          text3        000000
__Ltext30                         text30       000000
__Ltext31                         text31       000000
__Ltext32                         text32       000000
__Ltext33                         text33       000000
__Ltext34                         text34       000000
__Ltext35                         text35       000000
__Ltext36                         text36       000000
__Ltext37                         text37       000000
__Ltext38                         text38       000000
__Ltext39                         text39       000000
__Ltext4                          text4        000000
__Ltext40                         text40       000000
__Ltext41                         text41       000000
__Ltext42                         text42       000000
__Ltext43                         text43       000000
__Ltext44                         text44       000000
__Ltext45                         text45       000000
__Ltext46                         text46       000000
__Ltext47                         text47       000000
__Ltext48                         text48       000000
__Ltext49                         text49       000000
__Ltext5                          text5        000000
__Ltext50                         text50       000000
__Ltext51                         text51       000000
__Ltext52                         text52       000000
__Ltext53                         text53       000000
__Ltext54                         text54       000000
__Ltext55                         text55       000000
__Ltext56                         text56       000000
__Ltext57                         text57       000000
__Ltext58                         text58       000000
__Ltext59                         text59       000000
__Ltext6                          text6        000000
__Ltext60                         text60       000000
__Ltext61                         text61       000000
__Ltext62                         text62       000000
__Ltext63                         text63       000000
__Ltext64                         text64       000000
__Ltext65                         text65       000000
__Ltext66                         text66       000000
__Ltext67                         text67       000000
__Ltext68                         text68       000000
__Ltext69                         text69       000000
__Ltext7                          text7        000000
__Ltext70                         text70       000000
__Ltext71                         text71       000000
__Ltext72                         text72       000000
__Ltext73                         text73       000000
__Ltext74                         text74       000000
__Ltext75                         text75       000000
__Ltext76                         text76       000000
__Ltext77                         text77       000000
__Ltext78                         text78       000000
__Ltext79                         text79       000000
__Ltext8                          text8        000000
__Ltext80                         text80       000000
__Ltext81                         text81       000000
__Ltext82                         text82       000000
__Ltext83                         text83       000000
__Ltext84                         text84       000000
__Ltext85                         text85       000000
__Ltext87                         text87       000000
__Ltext88                         text88       000000
__Ltext9                          text9        000000
__S0                              (abs)        008000
__S1                              (abs)        00016A
__S2                              (abs)        000000
__S4                              (abs)        000000
__S5                              (abs)        000000
___aldiv                          text70       002846
___aldiv@counter                  cstackCOMRAM 000045
___aldiv@dividend                 cstackCOMRAM 00003D
___aldiv@divisor                  cstackCOMRAM 000041
___aldiv@quotient                 cstackCOMRAM 000047
___aldiv@sign                     cstackCOMRAM 000046
___awdiv                          text48       002CF4
___awdiv@counter                  cstackCOMRAM 000035
___awdiv@dividend                 cstackCOMRAM 000031
___awdiv@divisor                  cstackCOMRAM 000033
___awdiv@quotient                 cstackCOMRAM 000037
___awdiv@sign                     cstackCOMRAM 000036
___awmod                          text33       002DB8
___awmod@counter                  cstackCOMRAM 000035
___awmod@dividend                 cstackCOMRAM 000031
___awmod@divisor                  cstackCOMRAM 000033
___awmod@sign                     cstackCOMRAM 000036
___inthi_sp                       stack        000000
___intlo_sp                       stack        000000
___lldiv                          text85       003066
___lldiv@counter                  cstackCOMRAM 00003D
___lldiv@dividend                 cstackCOMRAM 000031
___lldiv@divisor                  cstackCOMRAM 000035
___lldiv@quotient                 cstackCOMRAM 000039
___lmul                           text69       0034C6
___lmul@multiplicand              cstackCOMRAM 000035
___lmul@multiplier                cstackCOMRAM 000031
___lmul@product                   cstackCOMRAM 000039
___lwdiv                          text60       0033E4
___lwdiv@counter                  cstackCOMRAM 000037
___lwdiv@dividend                 cstackCOMRAM 000031
___lwdiv@divisor                  cstackCOMRAM 000033
___lwdiv@quotient                 cstackCOMRAM 000035
___param_bank                     (abs)        000000
___rparam_used                    (abs)        000001
___sp                             stack        000000
___wmul                           text58       003D46
___wmul@multiplicand              cstackCOMRAM 000033
___wmul@multiplier                cstackCOMRAM 000031
___wmul@product                   cstackCOMRAM 000035
__accesstop                       (abs)        000060
__activetblptr                    (abs)        000002
__end_of_EEPROM_read              text66       003F1C
__end_of_EEPROM_write             text62       003CC4
__end_of_I2C_ack_receive          text82       003F0E
__end_of_I2C_init                 text84       003AFE
__end_of_I2C_start                text81       003EB4
__end_of_I2C_stop                 text83       003EC8
__end_of_I2C_tx                   text80       003E64
__end_of_MCP4725                  text76       003DD4
__end_of_Wifi_connect             text72       002846
__end_of_Wifi_mode                text71       002F18
__end_of___aldiv                  text70       002952
__end_of___awdiv                  text48       002DB8
__end_of___awmod                  text33       002E68
__end_of___lldiv                  text85       00310A
__end_of___lmul                   text69       003530
__end_of___lwdiv                  text60       003458
__end_of___wmul                   text58       003D6C
__end_of__initialization          cinit        003358
__end_of_addContCiclos            text68       003F7A
__end_of_addIndicePassos          text67       003E4E
__end_of_alt_atuador              text40       003244
__end_of_buscar_dado              text64       003D46
__end_of_buscar_receita           text63       003A4A
__end_of_codifica                 text49       0025CE
__end_of_dac_init                 text78       003A88
__end_of_dac_write                text77       0039C4
__end_of_decodifica               text39       00270E
__end_of_delay                    text79       003CF2
__end_of_deletar_receita          text61       003B6E
__end_of_dignum_apagar            text59       003C96
__end_of_dignum_conc              text57       00397C
__end_of_dignum_tam               text47       003AC4
__end_of_dispLCD                  text53       003934
__end_of_dispLCD_clr              text52       003F60
__end_of_dispLCD_dataReg          text56       0038A4
__end_of_dispLCD_init             text51       003BDA
__end_of_dispLCD_instReg          text55       002A42
__end_of_dispLCD_lincol           text54       003592
__end_of_dispLCD_num              text23       00247A
__end_of_dispLCD_str              text50       00364E
__end_of_end_receita              text65       003D90
__end_of_fifo_add                 text45       0037B0
__end_of_fifo_add_ciclo           text44       003F58
__end_of_fifo_add_control         text43       0038EC
__end_of_fifo_add_tempo           text42       003758
__end_of_fifo_adrs                text41       003F4E
__end_of_fifo_alinharPrint        text46       002C12
__end_of_fifo_delete              text38       0032DC
__end_of_fifo_disponivel          text37       003E38
__end_of_fifo_indice              text36       003F86
__end_of_fifo_indicePrint_dec     text35       003E8C
__end_of_fifo_indicePrint_inc     text34       0035F0
__end_of_fifo_lerPos              text22       003EFE
__end_of_fifo_print               text32       002176
__end_of_fifo_tam                 text31       003F82
__end_of_formatar_receitas        text30       003E22
__end_of_getCiclos                text29       003DF2
__end_of_getContCiclos            text28       003F44
__end_of_getIndicePassos          text21       003F7E
__end_of_initEUSART               text2        0034C6
__end_of_initSerialIO             text27       003C68
__end_of_init_atuadores           text26       003F3A
__end_of_intt1_1ms                text87       003C3A
__end_of_irq                      intcode_body 003D1E
__end_of_ler_atuador              text16       0031AA
__end_of_ler_sensor               text25       002B2A
__end_of_main                     text0        001E92
__end_of_manipula_atuadores_init  text24       003856
__end_of_posAtual                 text20       003EEC
__end_of_printExec                text19       002300
__end_of_resetContCiclos          text18       003F30
__end_of_resetIndicePassos        text17       003F74
__end_of_salva_atuadores_init     text15       0033E4
__end_of_salvar_dado              text14       003DB2
__end_of_salvar_receita           text13       003A08
__end_of_serialIObyteShift        text12       0036A8
__end_of_serialIOload             text11       003F6E
__end_of_serialIOscan             text10       003700
__end_of_setT1                    text9        003E78
__end_of_set_passo                text8        002CF4
__end_of_statusT1                 text7        003EDA
__end_of_teclado_borda            text5        003BA4
__end_of_teclado_init             text4        003F26
__end_of_teclado_scan             text6        002FC0
__end_of_timer1_init              text3        003E0C
__end_of_txEUSART                 text75       003F68
__end_of_txStatusEUSART           text74       003EA0
__end_of_wifi_init                text1        003C0A
__end_of_wifi_send                text73       003066
__initialization                  cinit        0032DC
__mediumconst                     mediumconst  007BDC
__pbssBANK0                       bssBANK0     0000F5
__pbssBANK1                       bssBANK1     000156
__pbssCOMRAM                      bssCOMRAM    000001
__pcinit                          cinit        0032DC
__pcstackBANK0                    cstackBANK0  000060
__pcstackCOMRAM                   cstackCOMRAM 000031
__pdataBANK0                      dataBANK0    0000BD
__pdataBANK1                      dataBANK1    000100
__pdataCOMRAM                     dataCOMRAM   00005B
__pidataBANK0                     idataBANK0   003AFE
__pidataBANK1                     idataBANK1   0037B0
__pidataCOMRAM                    idataCOMRAM  003F86
__pintcode                        intcode      000008
__pintcode_body                   intcode_body 003CF2
__pmediumconst                    mediumconst  007BDC
__ptext0                          text0        000012
__ptext1                          text1        003BDA
__ptext10                         text10       0036A8
__ptext11                         text11       003F68
__ptext12                         text12       00364E
__ptext13                         text13       0039C4
__ptext14                         text14       003D90
__ptext15                         text15       003366
__ptext16                         text16       00310A
__ptext17                         text17       003F6E
__ptext18                         text18       003F26
__ptext19                         text19       002176
__ptext2                          text2        003458
__ptext20                         text20       003EDA
__ptext21                         text21       003F7A
__ptext22                         text22       003EEC
__ptext23                         text23       002300
__ptext24                         text24       003806
__ptext25                         text25       002A42
__ptext26                         text26       003F30
__ptext27                         text27       003C3A
__ptext28                         text28       003F3A
__ptext29                         text29       003DD4
__ptext3                          text3        003DF2
__ptext30                         text30       003E0C
__ptext31                         text31       003F7E
__ptext32                         text32       001E92
__ptext33                         text33       002DB8
__ptext34                         text34       003592
__ptext35                         text35       003E78
__ptext36                         text36       003F82
__ptext37                         text37       003E22
__ptext38                         text38       003244
__ptext39                         text39       0025CE
__ptext4                          text4        003F1C
__ptext40                         text40       0031AA
__ptext41                         text41       003F44
__ptext42                         text42       003700
__ptext43                         text43       0038A4
__ptext44                         text44       003F4E
__ptext45                         text45       003758
__ptext46                         text46       002B2A
__ptext47                         text47       003A88
__ptext48                         text48       002CF4
__ptext49                         text49       00247A
__ptext5                          text5        003B6E
__ptext50                         text50       0035F0
__ptext51                         text51       003BA4
__ptext52                         text52       003F58
__ptext53                         text53       0038EC
__ptext54                         text54       003530
__ptext55                         text55       002952
__ptext56                         text56       003856
__ptext57                         text57       003934
__ptext58                         text58       003D46
__ptext59                         text59       003C68
__ptext6                          text6        002F18
__ptext60                         text60       0033E4
__ptext61                         text61       003B36
__ptext62                         text62       003C96
__ptext63                         text63       003A08
__ptext64                         text64       003D1E
__ptext65                         text65       003D6C
__ptext66                         text66       003F0E
__ptext67                         text67       003E38
__ptext68                         text68       003F74
__ptext69                         text69       0034C6
__ptext7                          text7        003EC8
__ptext70                         text70       002846
__ptext71                         text71       002E68
__ptext72                         text72       00270E
__ptext73                         text73       002FC0
__ptext74                         text74       003E8C
__ptext75                         text75       003F60
__ptext76                         text76       003DB2
__ptext77                         text77       00397C
__ptext78                         text78       003A4A
__ptext79                         text79       003CC4
__ptext8                          text8        002C12
__ptext80                         text80       003E4E
__ptext81                         text81       003EA0
__ptext82                         text82       003EFE
__ptext83                         text83       003EB4
__ptext84                         text84       003AC4
__ptext85                         text85       003066
__ptext87                         text87       003C0A
__ptext88                         text88       000000
__ptext9                          text9        003E64
__ramtop                          ramtop       000800
__size_of_EEPROM_read             (abs)        000000
__size_of_EEPROM_write            (abs)        000000
__size_of_I2C_ack_receive         (abs)        000000
__size_of_I2C_init                (abs)        000000
__size_of_I2C_start               (abs)        000000
__size_of_I2C_stop                (abs)        000000
__size_of_I2C_tx                  (abs)        000000
__size_of_MCP4725                 (abs)        000000
__size_of_Wifi_connect            (abs)        000000
__size_of_Wifi_mode               (abs)        000000
__size_of___aldiv                 (abs)        000000
__size_of___awdiv                 (abs)        000000
__size_of___awmod                 (abs)        000000
__size_of___lldiv                 (abs)        000000
__size_of___lmul                  (abs)        000000
__size_of___lwdiv                 (abs)        000000
__size_of___wmul                  (abs)        000000
__size_of_addContCiclos           (abs)        000000
__size_of_addIndicePassos         (abs)        000000
__size_of_alt_atuador             (abs)        000000
__size_of_buscar_dado             (abs)        000000
__size_of_buscar_receita          (abs)        000000
__size_of_codifica                (abs)        000000
__size_of_dac_init                (abs)        000000
__size_of_dac_write               (abs)        000000
__size_of_decodifica              (abs)        000000
__size_of_delay                   (abs)        000000
__size_of_deletar_receita         (abs)        000000
__size_of_dignum_apagar           (abs)        000000
__size_of_dignum_conc             (abs)        000000
__size_of_dignum_tam              (abs)        000000
__size_of_dispLCD                 (abs)        000000
__size_of_dispLCD_clr             (abs)        000000
__size_of_dispLCD_dataReg         (abs)        000000
__size_of_dispLCD_init            (abs)        000000
__size_of_dispLCD_instReg         (abs)        000000
__size_of_dispLCD_lincol          (abs)        000000
__size_of_dispLCD_num             (abs)        000000
__size_of_dispLCD_str             (abs)        000000
__size_of_end_receita             (abs)        000000
__size_of_fifo_add                (abs)        000000
__size_of_fifo_add_ciclo          (abs)        000000
__size_of_fifo_add_control        (abs)        000000
__size_of_fifo_add_tempo          (abs)        000000
__size_of_fifo_adrs               (abs)        000000
__size_of_fifo_alinharPrint       (abs)        000000
__size_of_fifo_delete             (abs)        000000
__size_of_fifo_disponivel         (abs)        000000
__size_of_fifo_indice             (abs)        000000
__size_of_fifo_indicePrint_dec    (abs)        000000
__size_of_fifo_indicePrint_inc    (abs)        000000
__size_of_fifo_lerPos             (abs)        000000
__size_of_fifo_print              (abs)        000000
__size_of_fifo_tam                (abs)        000000
__size_of_formatar_receitas       (abs)        000000
__size_of_getCiclos               (abs)        000000
__size_of_getContCiclos           (abs)        000000
__size_of_getIndicePassos         (abs)        000000
__size_of_initEUSART              (abs)        000000
__size_of_initSerialIO            (abs)        000000
__size_of_init_atuadores          (abs)        000000
__size_of_intt1_1ms               (abs)        000000
__size_of_irq                     (abs)        000000
__size_of_ler_atuador             (abs)        000000
__size_of_ler_sensor              (abs)        000000
__size_of_main                    (abs)        000000
__size_of_manipula_atuadores_init (abs)        000000
__size_of_posAtual                (abs)        000000
__size_of_printExec               (abs)        000000
__size_of_resetContCiclos         (abs)        000000
__size_of_resetIndicePassos       (abs)        000000
__size_of_salva_atuadores_init    (abs)        000000
__size_of_salvar_dado             (abs)        000000
__size_of_salvar_receita          (abs)        000000
__size_of_serialIObyteShift       (abs)        000000
__size_of_serialIOload            (abs)        000000
__size_of_serialIOscan            (abs)        000000
__size_of_setT1                   (abs)        000000
__size_of_set_passo               (abs)        000000
__size_of_statusT1                (abs)        000000
__size_of_teclado_borda           (abs)        000000
__size_of_teclado_init            (abs)        000000
__size_of_teclado_scan            (abs)        000000
__size_of_timer1_init             (abs)        000000
__size_of_txEUSART                (abs)        000000
__size_of_txStatusEUSART          (abs)        000000
__size_of_wifi_init               (abs)        000000
__size_of_wifi_send               (abs)        000000
__smallconst                      smallconst   000000
_addContCiclos                    text68       003F74
_addIndicePassos                  text67       003E38
_alt_atuador                      text40       0031AA
_atuador                          bssCOMRAM    00001E
_aux                              bssBANK1     000156
_buscar_dado                      text64       003D1E
_buscar_receita                   text63       003A08
_ciclos                           bssCOMRAM    000019
_codifica                         text49       00247A
_cont_ciclos                      bssCOMRAM    000017
_d                                bssCOMRAM    00001D
_dac_init                         text78       003A4A
_dac_write                        text77       00397C
_decodifica                       text39       0025CE
_delay                            text79       003CC4
_deletar_receita                  text61       003B36
_dignum_apagar                    text59       003C68
_dignum_conc                      text57       003934
_dignum_tam                       text47       003A88
_dispLCD                          text53       0038EC
_dispLCD_clr                      text52       003F58
_dispLCD_dataReg                  text56       003856
_dispLCD_init                     text51       003BA4
_dispLCD_instReg                  text55       002952
_dispLCD_lincol                   text54       003530
_dispLCD_num                      text23       002300
_dispLCD_str                      text50       0035F0
_end_receita                      text65       003D6C
_eusart                           dataBANK0    0000D1
_fifo_add                         text45       003758
_fifo_add_ciclo                   text44       003F4E
_fifo_add_control                 text43       0038A4
_fifo_add_tempo                   text42       003700
_fifo_adrs                        text41       003F44
_fifo_alinharPrint                text46       002B2A
_fifo_delete                      text38       003244
_fifo_disponivel                  text37       003E22
_fifo_indice                      text36       003F82
_fifo_indicePrint_dec             text35       003E78
_fifo_indicePrint_inc             text34       003592
_fifo_lerPos                      text22       003EEC
_fifo_print                       text32       001E92
_fifo_print$473                   cstackCOMRAM 00003B
_fifo_tam                         text31       003F7E
_fila                             bssCOMRAM    00001F
_formatar_receitas                text30       003E0C
_getCiclos                        text29       003DD4
_getContCiclos                    text28       003F3A
_getIndicePassos                  text21       003F7A
_ind_fila                         dataCOMRAM   00005D
_ind_print                        dataCOMRAM   00005C
_indice_passos                    dataCOMRAM   00005B
_initEUSART                       text2        003458
_initSerialIO                     text27       003C3A
_init_atuadores                   text26       003F30
_intt1_1ms                        text87       003C0A
_irq                              intcode      000008
_lenSerialIO                      bssCOMRAM    00001C
_ler_atuador                      text16       00310A
_ler_sensor                       text25       002A42
_main                             text0        000012
_main$919                         cstackBANK0  000086
_main$941                         cstackBANK0  000088
_main$945                         cstackBANK0  00008A
_main$946                         cstackBANK0  00008C
_main$947                         cstackBANK0  00008E
_main$948                         cstackBANK0  000090
_main$949                         cstackBANK0  000092
_main$950                         cstackBANK0  000094
_main$951                         cstackBANK0  000096
_main$952                         cstackBANK0  000098
_main$956                         cstackBANK0  00009A
_manipula_atuadores_init          text24       003806
_posAtual                         text20       003EDA
_printExec                        text19       002176
_printExec$498                    cstackCOMRAM 00004B
_ptrSerialIn                      bssCOMRAM    000015
_ptrSerialOut                     bssCOMRAM    000013
_receita_livre                    (abs)        000000
_resetContCiclos                  text18       003F26
_resetIndicePassos                text17       003F6E
_rxEUSART                         (abs)        000000
_rxErrorEUSART                    (abs)        000000
_rxResetErrorEUSART               (abs)        000000
_rxStatusEUSART                   (abs)        000000
_salva_atuadores_init             text15       003366
_salvar_dado                      text14       003D90
_salvar_receita                   text13       0039C4
_search                           (abs)        000000
_serialIObyteShift                text12       00364E
_serialIOload                     text11       003F68
_serialIOscan                     text10       0036A8
_setT1                            text9        003E64
_set_passo                        text8        002C12
_statusT1                         text7        003EC8
_t1cont                           bssCOMRAM    00000B
_teclaAnterior                    bssCOMRAM    00001B
_teclado_borda                    text5        003B6E
_teclado_init                     text4        003F1C
_teclado_scan                     text6        002F18
_teclas                           dataBANK1    000146
_timer1_init                      text3        003DF2
_txEUSART                         text75       003F60
_txStatusEUSART                   text74       003E8C
_wifi                             dataBANK0    0000BD
_wifi_init                        text1        003BDA
_wifi_receive                     (abs)        000000
_wifi_send                        text73       002FC0
alt_atuador@tecla                 cstackCOMRAM 000033
btemp                             temp         00005E
buscar_dado@adrs                  cstackCOMRAM 00003C
buscar_dado@aux                   cstackCOMRAM 00003A
buscar_dado@col                   cstackCOMRAM 000037
buscar_dado@data                  cstackCOMRAM 000038
buscar_receita@adrs               cstackCOMRAM 00003B
buscar_receita@aux                cstackCOMRAM 000039
buscar_receita@data               cstackCOMRAM 000037
buscar_receita@i                  cstackCOMRAM 00003C
codifica@dado                     cstackCOMRAM 000031
codifica@tipo                     cstackCOMRAM 000035
dac_write@code                    cstackCOMRAM 000034
decodifica@d                      cstackCOMRAM 000031
delay@t                           cstackCOMRAM 000031
deletar_receita@aux               cstackCOMRAM 000035
deletar_receita@i                 cstackCOMRAM 000038
deletar_receita@receita           cstackCOMRAM 000037
dignum_apagar@ptrNum              cstackCOMRAM 000038
dignum_conc@dig                   cstackCOMRAM 00003B
dignum_conc@ptrNum                cstackCOMRAM 000037
dignum_tam@num                    cstackCOMRAM 000039
dignum_tam@tam                    cstackCOMRAM 00003B
dispLCD@col                       cstackCOMRAM 000038
dispLCD@lin                       cstackCOMRAM 00003C
dispLCD@pos                       cstackCOMRAM 00003B
dispLCD@str                       cstackCOMRAM 000039
dispLCD_dataReg@d                 cstackCOMRAM 000032
dispLCD_instReg@i                 cstackCOMRAM 000032
dispLCD_lincol@aux                cstackCOMRAM 000037
dispLCD_lincol@col                cstackCOMRAM 000033
dispLCD_lincol@lin                cstackCOMRAM 000036
dispLCD_num@col                   cstackCOMRAM 00003C
dispLCD_num@div                   cstackCOMRAM 000048
dispLCD_num@lin                   cstackCOMRAM 000045
dispLCD_num@num                   cstackCOMRAM 00003D
dispLCD_num@sinal                 cstackCOMRAM 000047
dispLCD_num@size                  cstackCOMRAM 000046
dispLCD_num@tam                   cstackCOMRAM 00003F
dispLCD_str@c                     cstackCOMRAM 00003B
dispLCD_str@lin                   cstackCOMRAM 00003A
dispLCD_str@str                   cstackCOMRAM 000038
end_of_initialization             cinit        003358
end_receita@x                     cstackCOMRAM 000031
fifo_add@passo                    cstackCOMRAM 000040
fifo_add_ciclo@ciclos             cstackCOMRAM 000031
fifo_add_control@c                cstackCOMRAM 000040
fifo_add_tempo@t                  cstackCOMRAM 000040
fifo_alinharPrint@aux             cstackCOMRAM 00003F
fifo_alinharPrint@cont            cstackCOMRAM 00003D
fifo_alinharPrint@i               cstackCOMRAM 00003E
fifo_lerPos@i                     cstackCOMRAM 000031
fifo_print@atraso                 cstackCOMRAM 000040
fifo_print@comando                cstackCOMRAM 000041
fifo_print@completar              cstackCOMRAM 00003D
fifo_print@i                      cstackCOMRAM 00003F
fifo_print@indPrint               cstackCOMRAM 00003E
formatar_receitas@i               cstackCOMRAM 000033
getCiclos@aux                     cstackCOMRAM 000033
initEUSART@baudRate               cstackCOMRAM 00003E
initSerialIO@length               cstackCOMRAM 000035
initSerialIO@ptrIn                cstackCOMRAM 000031
initSerialIO@ptrOut               cstackCOMRAM 000033
int$flags                         temp         00005E
int_func                          intcode_body 003CF2
intlevel0                         text         000000
intlevel1                         text         000000
intlevel2                         text         000000
intlevel3                         text         000000
ler_atuador@tecla                 cstackCOMRAM 000033
ler_sensor@passo                  cstackCOMRAM 000035
ler_sensor@ptr                    cstackCOMRAM 000031
main@F3513                        dataBANK1    000132
main@aux                          cstackBANK0  000075
main@auxPasso                     cstackBANK0  0000BA
main@botao                        cstackBANK0  0000B3
main@ciclos                       cstackBANK0  0000B0
main@contPassos                   cstackBANK0  000074
main@estado                       cstackBANK0  0000BB
main@i                            cstackBANK0  0000A1
main@i_903                        cstackBANK0  0000A3
main@i_909                        cstackBANK0  00009C
main@i_930                        cstackBANK0  0000A5
main@i_933                        cstackBANK0  0000A7
main@i_975                        cstackBANK0  0000A9
main@i_978                        cstackBANK0  0000AB
main@init_cond                    cstackBANK0  0000B2
main@j                            cstackBANK0  0000A2
main@j_904                        cstackBANK0  0000A4
main@j_931                        cstackBANK0  0000A6
main@j_934                        cstackBANK0  0000A8
main@j_976                        cstackBANK0  0000AA
main@j_979                        cstackBANK0  0000AC
main@lema                         cstackBANK0  000060
main@meAtuadores                  cstackBANK0  0000AF
main@num                          cstackBANK0  0000B4
main@pt                           cstackBANK0  00009D
main@ptr                          cstackBANK0  00009F
main@ptr_915                      cstackBANK0  0000B6
main@ptr_940                      cstackBANK0  0000B8
main@tecla                        cstackBANK0  0000BC
main@vetorIn                      cstackBANK0  0000AD
main@vetorOut                     cstackBANK0  0000AE
main@vetor_aux                    cstackBANK0  000076
manipula_atuadores_init@atuador   cstackCOMRAM 000034
manipula_atuadores_init@aux       cstackCOMRAM 000035
manipula_atuadores_init@mask      cstackCOMRAM 000036
posAtual@ind                      cstackCOMRAM 000032
posAtual@passo                    cstackCOMRAM 000033
printExec@col                     cstackCOMRAM 00004D
printExec@ind                     cstackCOMRAM 00004A
printExec@passo                   cstackCOMRAM 00004E
salva_atuadores_init@condi_init   cstackCOMRAM 000034
salva_atuadores_init@dado         cstackCOMRAM 00003A
salva_atuadores_init@mask         cstackCOMRAM 00003B
salva_atuadores_init@pt           cstackCOMRAM 000038
salvar_dado@adrs                  cstackCOMRAM 00003B
salvar_dado@aux                   cstackCOMRAM 000039
salvar_dado@col                   cstackCOMRAM 000037
salvar_dado@data                  cstackCOMRAM 000038
salvar_receita@adrs               cstackCOMRAM 00003B
salvar_receita@aux                cstackCOMRAM 000039
salvar_receita@data               cstackCOMRAM 000037
salvar_receita@i                  cstackCOMRAM 00003C
serialIObyteShift@dataBit         cstackCOMRAM 000033
serialIObyteShift@dataIn          cstackCOMRAM 000031
serialIObyteShift@dataOut         cstackCOMRAM 000032
serialIOscan@i                    cstackCOMRAM 000037
serialIOscan@j                    cstackCOMRAM 000036
setT1@c                           cstackCOMRAM 000037
set_passo@passo                   cstackCOMRAM 000035
set_passo@ptr                     cstackCOMRAM 000031
stackhi                           (abs)        0007FF
stacklo                           (abs)        00016A
start                             init         00000E
start_initialization              cinit        0032DC
teclado_borda@aux                 cstackCOMRAM 000036
teclado_borda@tecla               cstackCOMRAM 000037
teclado_scan@c                    cstackCOMRAM 000035
teclado_scan@l                    cstackCOMRAM 000034
teclado_scan@tecla                cstackCOMRAM 000033
ttemp5                            temp         00005F
ttemp6                            temp         000062
ttemp7                            temp         000066
txEUSART@d                        cstackCOMRAM 000031
wifi_init@br                      cstackCOMRAM 000046
wifi_send@msg                     cstackCOMRAM 000032
wtemp8                            temp         00005F


FUNCTION INFORMATION:

 *************** function _main *****************
 Defined at:
		line 71 in file "main.c"
 Parameters:    Size  Location     Type
		None
 Auto vars:     Size  Location     Type
  j               1   76[BANK0 ] unsigned char 
  j               1   74[BANK0 ] unsigned char 
  j               1   72[BANK0 ] unsigned char 
  j               1   70[BANK0 ] unsigned char 
  j               1   68[BANK0 ] unsigned char 
  j               1   66[BANK0 ] unsigned char 
  ptr             2   88[BANK0 ] PTR unsigned char 
		 -> main@vetor_aux(16), 
  i               1   75[BANK0 ] unsigned char 
  i               1   73[BANK0 ] unsigned char 
  i               1   71[BANK0 ] unsigned char 
  i               1   69[BANK0 ] unsigned char 
  ptr             2   86[BANK0 ] PTR unsigned char 
		 -> main@vetor_aux(16), 
  i               1   67[BANK0 ] unsigned char 
  i               1   65[BANK0 ] unsigned char 
  lema           20    0[BANK0 ] unsigned char [20]
  ptr             2   63[BANK0 ] PTR unsigned char 
		 -> main@lema(20), 
  i               1   60[BANK0 ] unsigned char 
  vetor_aux      16   22[BANK0 ] unsigned char [16]
  num             2   84[BANK0 ] unsigned int 
  ciclos          2   80[BANK0 ] unsigned int 
  pt              2   61[BANK0 ] PTR unsigned char 
		 -> main@vetor_aux(16), 
  tecla           1   92[BANK0 ] unsigned char 
  estado          1   91[BANK0 ] unsigned char 
  auxPasso        1   90[BANK0 ] unsigned char 
  botao           1   83[BANK0 ] unsigned char 
  init_cond       1   82[BANK0 ] unsigned char 
  meAtuadores     1   79[BANK0 ] unsigned char 
  vetorOut        1   78[BANK0 ] unsigned char [1]
  vetorIn         1   77[BANK0 ] unsigned char [1]
  aux             1   21[BANK0 ] unsigned char 
  contPassos      1   20[BANK0 ] unsigned char 
  atuador         1    0        unsigned char 
 Return value:  Size  Location     Type
                  1    wreg      void 
 Registers used:
		wreg, fsr1l, fsr1h, fsr2l, fsr2h, status,2, status,0, pclath, tosl, tblptrl, tblptrh, tblptru, prodl, prodh, cstack
 Tracked objects:
		On entry : 
		On exit  : 
		Unchanged: 
 Data sizes:     COMRAM   BANK0   BANK1   BANK2   BANK3   BANK4   BANK5   BANK6   BANK7
      Params:         0       0       0       0       0       0       0       0       0
      Locals:         0      93       0       0       0       0       0       0       0
      Temps:          2       0       0       0       0       0       0       0       0
      Totals:         2      93       0       0       0       0       0       0       0
Total ram usage:       95 bytes
 Hardware stack levels required when called:    6
 This function calls:
		_I2C_init
		_MCP4725
		_Wifi_connect
		_Wifi_mode
		___aldiv
		___awmod
		___lmul
		___wmul
		_addContCiclos
		_addIndicePassos
		_alt_atuador
		_buscar_dado
		_buscar_receita
		_decodifica
		_delay
		_deletar_receita
		_dignum_apagar
		_dignum_conc
		_dispLCD
		_dispLCD_clr
		_dispLCD_dataReg
		_dispLCD_init
		_dispLCD_lincol
		_dispLCD_num
		_dispLCD_str
		_fifo_add
		_fifo_add_ciclo
		_fifo_add_control
		_fifo_add_tempo
		_fifo_adrs
		_fifo_delete
		_fifo_disponivel
		_fifo_indice
		_fifo_indicePrint_dec
		_fifo_indicePrint_inc
		_fifo_lerPos
		_fifo_print
		_fifo_tam
		_formatar_receitas
		_getCiclos
		_getContCiclos
		_getIndicePassos
		_initSerialIO
		_init_atuadores
		_ler_atuador
		_ler_sensor
		_manipula_atuadores_init
		_printExec
		_resetContCiclos
		_resetIndicePassos
		_salva_atuadores_init
		_salvar_dado
		_salvar_receita
		_serialIOscan
		_setT1
		_set_passo
		_statusT1
		_teclado_borda
		_teclado_init
		_timer1_init
		_wifi_init
 This function is called by:
		Startup code after reset
 This function uses a non-reentrant model


 *************** function _wifi_init *****************
 Defined at:
		line 13 in file "wifi.c"
[...]
 Data sizes:     COMRAM   BANK0   BANK1   BANK2   BANK3   BANK4   BANK5   BANK6   BANK7
      Params:         0       0       0       0       0       0       0       0       0
      Locals:         1       0       0       0       0       0       0       0       0
      Temps:          0       0       0       0       0       0       0       0       0
      Totals:         1       0       0       0       0       0       0       0       0
Total ram usage:        1 bytes
 Hardware stack levels used:    1
 Hardware stack levels required when called:    2
 This function calls:
		Nothing
 This function is called by:
		_wifi_send
 This function uses a non-reentrant model


 *************** function _MCP4725 *****************
 Defined at:
		line 35 in file "MCP4725.c"
 Parameters:    Size  Location     Type
  Vout            2   26[COMRAM] unsigned int 
 Auto vars:     Size  Location     Type
		None
 Return value:  Size  Location     Type
                  1    wreg      void 
 Registers used:
		wreg, status,2, status,0, cstack
 Tracked objects:
		On entry : 
		On exit  : 
		Unchanged: 
 Data sizes:     COMRAM   BANK0   BANK1   BANK2   BANK3   BANK4   BANK5   BANK6   BANK7
      Params:         2       0       0       0       0       0       0       0       0
      Locals:         0       0       0       0       0       0       0       0       0
      Temps:          0       0       0       0       0       0       0       0       0
      Totals:         2       0       0       0       0       0       0       0       0
Total ram usage:        2 bytes
 Hardware stack levels used:    1
 Hardware stack levels required when called:    4
 This function calls:
		_I2C_stop
		_dac_init
		_dac_write
		_delay
 This function is called by:
		_main
 This function uses a non-reentrant model


 *************** function _dac_write *****************
 Defined at:
		line 25 in file "MCP4725.c"
 Parameters:    Size  Location     Type
  code            2    3[COMRAM] unsigned int 
 Auto vars:     Size  Location     Type
		None
 Return value:  Size  Location     Type
                  1    wreg      void 
 Registers used:
		wreg, status,2, status,0, cstack
 Tracked objects:
		On entry : 
		On exit  : 
		Unchanged: 
 Data sizes:     COMRAM   BANK0   BANK1   BANK2   BANK3   BANK4   BANK5   BANK6   BANK7
      Params:         2       0       0       0       0       0       0       0       0
      Locals:         0       0       0       0       0       0       0       0       0
      Temps:          3       0       0       0       0       0       0       0       0
      Totals:         5       0       0       0       0       0       0       0       0
Total ram usage:        5 bytes
 Hardware stack levels used:    1
 Hardware stack levels required when called:    3
 This function calls:
		_I2C_ack_receive
		_I2C_tx
		_delay
 This function is called by:
		_MCP4725
		_MCP4725X
 This function uses a non-reentrant model


 *************** function _dac_init *****************
 Defined at:
		line 13 in file "MCP4725.c"
 Parameters:    Size  Location     Type
		None
 Auto vars:     Size  Location     Type
		None
 Return value:  Size  Location     Type
                  1    wreg      void 
 Registers used:
		wreg, status,2, status,0, cstack
 Tracked objects:
		On entry : 
		On exit  : 
		Unchanged: 
 Data sizes:     COMRAM   BANK0   BANK1   BANK2   BANK3   BANK4   BANK5   BANK6   BANK7
      Params:         0       0       0       0       0       0       0       0       0
      Locals:         0       0       0       0       0       0       0       0       0
      Temps:          0       0       0       0       0       0       0       0       0
      Totals:         0       0       0       0       0       0       0       0       0
Total ram usage:        0 bytes
 Hardware stack levels used:    1
 Hardware stack levels required when called:    3
 This function calls:
		_I2C_ack_receive
		_I2C_start
		_I2C_tx
		_delay
 This function is called by:
		_MCP4725
		_MCP4725X
 This function uses a non-reentrant model


 *************** function _delay *****************
 Defined at:
		line 10 in file "delay.c"
 Parameters:    Size  Location     Type
  t               2    0[COMRAM] unsigned int 
 Auto vars:     Size  Location     Type
		None
 Return value:  Size  Location     Type
                  1    wreg      void 
 Registers used:
		wreg, status,2, status,0
 Tracked objects:
		On entry : 
		On exit  : 
		Unchanged: 
 Data sizes:     COMRAM   BANK0   BANK1   BANK2   BANK3   BANK4   BANK5   BANK6   BANK7
      Params:         2       0       0       0       0       0       0       0       0
      Locals:         0       0       0       0       0       0       0       0       0
      Temps:          1       0       0       0       0       0       0       0       0
      Totals:         3       0       0       0       0       0       0       0       0
Total ram usage:        3 bytes
 Hardware stack levels used:    1
 Hardware stack levels required when called:    2
 This function calls:
		Nothing
 This function is called by:
		_dac_init
		_dac_write
		_MCP4725
		_dispLCD_init
		_main
		_Wifi_mode
		_MCP4725X
		_Wifi_config_servidor
 This function uses a non-reentrant model


 *************** function _I2C_tx *****************
 Defined at:
		line 36 in file "spi_i2c.c"
 Parameters:    Size  Location     Type
  b               1    wreg     unsigned char 
 Auto vars:     Size  Location     Type
  b               1    0[COMRAM] unsigned char 
 Return value:  Size  Location     Type
                  1    wreg      void 
 Registers used:
		wreg
 Tracked objects:
		On entry : 
		On exit  : 
		Unchanged: 
 Data sizes:     COMRAM   BANK0   BANK1   BANK2   BANK3   BANK4   BANK5   BANK6   BANK7
      Params:         0       0       0       0       0       0       0       0       0
      Locals:         1       0       0       0       0       0       0       0       0
      Temps:          0       0       0       0       0       0       0       0       0
      Totals:         1       0       0       0       0       0       0       0       0
Total ram usage:        1 bytes
 Hardware stack levels used:    1
 Hardware stack levels required when called:    2
 This function calls:
		Nothing
 This function is called by:
		_dac_init
		_dac_write
 This function uses a non-reentrant model


 *************** function _I2C_start *****************
 Defined at:
		line 22 in file "spi_i2c.c"
 Parameters:    Size  Location     Type
		None
 Auto vars:     Size  Location     Type
		None
 Return value:  Size  Location     Type
                  1    wreg      void 
 Registers used:
		None
 Tracked objects:
		On entry : 
		On exit  : 
		Unchanged: 
 Data sizes:     COMRAM   BANK0   BANK1   BANK2   BANK3   BANK4   BANK5   BANK6   BANK7
      Params:         0       0       0       0       0       0       0       0       0
      Locals:         0       0       0       0       0       0       0       0       0
      Temps:          0       0       0       0       0       0       0       0       0
      Totals:         0       0       0       0       0       0       0       0       0
Total ram usage:        0 bytes
 Hardware stack levels used:    1
 Hardware stack levels required when called:    2
 This function calls:
		Nothing
 This function is called by:
		_dac_init
 This function uses a non-reentrant model


 *************** function _I2C_ack_receive *****************
 Defined at:
		line 56 in file "spi_i2c.c"
 Parameters:    Size  Location     Type
		None
 Auto vars:     Size  Location     Type
		None
 Return value:  Size  Location     Type
                  1    wreg      void 
 Registers used:
		None
 Tracked objects:
		On entry : 
		On exit  : 
		Unchanged: 
 Data sizes:     COMRAM   BANK0   BANK1   BANK2   BANK3   BANK4   BANK5   BANK6   BANK7
      Params:         0       0       0       0       0       0       0       0       0
      Locals:         0       0       0       0       0       0       0       0       0
      Temps:          0       0       0       0       0       0       0       0       0
      Totals:         0       0       0       0       0       0       0       0       0
Total ram usage:        0 bytes
 Hardware stack levels used:    1
 Hardware stack levels required when called:    2
 This function calls:
		Nothing
 This function is called by:
		_dac_init
		_dac_write
 This function uses a non-reentrant model


 *************** function _I2C_stop *****************
 Defined at:
		line 41 in file "spi_i2c.c"
 Parameters:    Size  Location     Type
		None
 Auto vars:     Size  Location     Type
		None
 Return value:  Size  Location     Type
                  1    wreg      void 
 Registers used:
		None
 Tracked objects:
		On entry : 
		On exit  : 
		Unchanged: 
 Data sizes:     COMRAM   BANK0   BANK1   BANK2   BANK3   BANK4   BANK5   BANK6   BANK7
      Params:         0       0       0       0       0       0       0       0       0
      Locals:         0       0       0       0       0       0       0       0       0
      Temps:          0       0       0       0       0       0       0       0       0
      Totals:         0       0       0       0       0       0       0       0       0
Total ram usage:        0 bytes
 Hardware stack levels used:    1
 Hardware stack levels required when called:    2
 This function calls:
		Nothing
 This function is called by:
		_MCP4725
		_MCP4725X
 This function uses a non-reentrant model


 *************** function _I2C_init *****************
 Defined at:
		line 12 in file "spi_i2c.c"
 Parameters:    Size  Location     Type
  freq            4   13[COMRAM] unsigned long 
 Auto vars:     Size  Location     Type
		None
 Return value:  Size  Location     Type
                  1    wreg      void 
 Registers used:
		wreg, status,2, status,0, cstack
 Tracked objects:
		On entry : 
		On exit  : 
		Unchanged: 
 Data sizes:     COMRAM   BANK0   BANK1   BANK2   BANK3   BANK4   BANK5   BANK6   BANK7
      Params:         4       0       0       0       0       0       0       0       0
      Locals:         0       0       0       0       0       0       0       0       0
      Temps:          0       0       0       0       0       0       0       0       0
      Totals:         4       0       0       0       0       0       0       0       0
Total ram usage:        4 bytes
 Hardware stack levels used:    1
 Hardware stack levels required when called:    3
 This function calls:
		___lldiv
 This function is called by:
		_main
 This function uses a non-reentrant model


 *************** function ___lldiv *****************
 Defined at:
		line 7 in file "C:\Program Files\Microchip\xc8\v2.30\pic\sources\c99\common\__lldiv.c"
 Parameters:    Size  Location     Type
  dividend        4    0[COMRAM] unsigned long 
  divisor         4    4[COMRAM] unsigned long 
 Auto vars:     Size  Location     Type
  quotient        4    8[COMRAM] unsigned long 
  counter         1   12[COMRAM] unsigned char 
 Return value:  Size  Location     Type
                  4    0[COMRAM] unsigned long 
 Registers used:
		wreg, status,2, status,0
 Tracked objects:
		On entry : 
		On exit  : 
		Unchanged: 
 Data sizes:     COMRAM   BANK0   BANK1   BANK2   BANK3   BANK4   BANK5   BANK6   BANK7
      Params:         8       0       0       0       0       0       0       0       0
      Locals:         5       0       0       0       0       0       0       0       0
      Temps:          0       0       0       0       0       0       0       0       0
      Totals:        13       0       0       0       0       0       0       0       0
Total ram usage:       13 bytes
 Hardware stack levels used:    1
 Hardware stack levels required when called:    2
 This function calls:
		Nothing
 This function is called by:
		_I2C_init
		_initEUSART
 This function uses a non-reentrant model


 *************** function _irq *****************
 Defined at:
		line 58 in file "main.c"
 Parameters:    Size  Location     Type
		None
 Auto vars:     Size  Location     Type
		None
 Return value:  Size  Location     Type
                  1    wreg      void 
 Registers used:
		wreg, status,2, status,0, cstack
 Tracked objects:
		On entry : 
		On exit  : 
		Unchanged: 
 Data sizes:     COMRAM   BANK0   BANK1   BANK2   BANK3   BANK4   BANK5   BANK6   BANK7
      Params:         0       0       0       0       0       0       0       0       0
      Locals:         0       0       0       0       0       0       0       0       0
      Temps:          0       0       0       0       0       0       0       0       0
      Totals:         0       0       0       0       0       0       0       0       0
Total ram usage:        0 bytes
 Hardware stack levels used:    1
 Hardware stack levels required when called:    1
 This function calls:
		_intt1_1ms
 This function is called by:
		Interrupt level 2
 This function uses a non-reentrant model


 *************** function _intt1_1ms *****************
 Defined at:
		line 5 in file "timer1.c"
 Parameters:    Size  Location     Type
		None
 Auto vars:     Size  Location     Type
		None
 Return value:  Size  Location     Type
                  1    wreg      void 
 Registers used:
		wreg, status,2, status,0
 Tracked objects:
		On entry : 
		On exit  : 
		Unchanged: 
 Data sizes:     COMRAM   BANK0   BANK1   BANK2   BANK3   BANK4   BANK5   BANK6   BANK7
      Params:         0       0       0       0       0       0       0       0       0
      Locals:         0       0       0       0       0       0       0       0       0
      Temps:          0       0       0       0       0       0       0       0       0
      Totals:         0       0       0       0       0       0       0       0       0
Total ram usage:        0 bytes
 Hardware stack levels used:    1
 This function calls:
		Nothing
 This function is called by:
		_irq
 This function uses a non-reentrant model



MODULE INFORMATION

Module		Function		Class		Link	Load	Size
C:\Program Files\Microchip\xc8\v2.30\pic\sources\c99\common\__lldiv.c
		___lldiv       		CODE           	3066	0000	164

C:\Program Files\Microchip\xc8\v2.30\pic\sources\c99\common\__lldiv.c estimated size: 164

delay.c
		_delay         		CODE           	3CC4	0000	46

delay.c estimated size: 46

atuadores.c
		_set_passo     		CODE           	2C12	0000	226
		_ler_sensor    		CODE           	2A42	0000	232

atuadores.c estimated size: 458

C:\Program Files\Microchip\xc8\v2.30\pic\sources\c99\common\awmod.c
		___awmod       		CODE           	2DB8	0000	176

C:\Program Files\Microchip\xc8\v2.30\pic\sources\c99\common\awmod.c estimated size: 176

serialIO.c
		_serialIOload  		CODE           	3F68	0000	6
		_serialIOscan  		CODE           	36A8	0000	88
		_initSerialIO  		CODE           	3C3A	0000	46
		_serialIObyteShift		CODE           	364E	0000	90

serialIO.c estimated size: 230

eusart.c
		_txEUSART      		CODE           	3F60	0000	8
		_initEUSART    		CODE           	3458	0000	110
		_txStatusEUSART		CODE           	3E8C	0000	20

eusart.c estimated size: 138

fifo.c
		_fifo_add_control		CODE           	38A4	0000	72
		_resetContCiclos		CODE           	3F26	0000	10
		_posAtual      		CODE           	3EDA	0000	18
		_fifo_add_ciclo		CODE           	3F4E	0000	10
		_fifo_add_tempo		CODE           	3700	0000	88
		_addContCiclos 		CODE           	3F74	0000	6
		_fifo_indicePrint_inc		CODE           	3592	0000	94
		_resetIndicePassos		CODE           	3F6E	0000	6
		_dignum_tam    		CODE           	3A88	0000	60
		_dignum_conc   		CODE           	3934	0000	72
		_fifo_tam      		CODE           	3F7E	0000	4
		_salva_atuadores_init		CODE           	3366	0000	126
		_fifo_lerPos   		CODE           	3EEC	0000	18
		_dignum_apagar 		CODE           	3C68	0000	46
		_getCiclos     		CODE           	3DD4	0000	30
		_fifo_indice   		CODE           	3F82	0000	4
		_ler_atuador   		CODE           	310A	0000	160
		_manipula_atuadores_init		CODE           	3806	0000	80
		_fifo_delete   		CODE           	3244	0000	152
		_codifica      		CODE           	247A	0000	340
		_decodifica    		CODE           	25CE	0000	320
		_fifo_print    		CODE           	1E92	0000	740
		_alt_atuador   		CODE           	31AA	0000	154
		_fifo_indicePrint_dec		CODE           	3E78	0000	20
		_fifo_alinharPrint		CODE           	2B2A	0000	232
		_getIndicePassos		CODE           	3F7A	0000	4
		_init_atuadores		CODE           	3F30	0000	10
		_fifo_add      		CODE           	3758	0000	88
		_fifo_adrs     		CODE           	3F44	0000	10
		_fifo_disponivel		CODE           	3E22	0000	22
		_printExec     		CODE           	2176	0000	394
		_getContCiclos 		CODE           	3F3A	0000	10
		_addIndicePassos		CODE           	3E38	0000	22

fifo.c estimated size: 3422

C:\Program Files\Microchip\xc8\v2.30\pic\sources\c99\common\Umul16.c
		___wmul        		CODE           	3D46	0000	38

C:\Program Files\Microchip\xc8\v2.30\pic\sources\c99\common\Umul16.c estimated size: 38

teclado.c
		_teclado_scan  		CODE           	2F18	0000	168
		_teclado_init  		CODE           	3F1C	0000	10
		_teclado_borda 		CODE           	3B6E	0000	54

teclado.c estimated size: 232

eeprom.c
		_EEPROM_read   		CODE           	3F0E	0000	14
		_EEPROM_write  		CODE           	3C96	0000	46
		_buscar_dado   		CODE           	3D1E	0000	40
		_salvar_dado   		CODE           	3D90	0000	34
		_end_receita   		CODE           	3D6C	0000	36
		_formatar_receitas		CODE           	3E0C	0000	22
		_buscar_receita		CODE           	3A08	0000	66
		_salvar_receita		CODE           	39C4	0000	68
		_deletar_receita		CODE           	3B36	0000	56

eeprom.c estimated size: 382

C:\Program Files\Microchip\xc8\v2.30\pic\sources\c99\common\lwdiv.c
		___lwdiv       		CODE           	33E4	0000	116

C:\Program Files\Microchip\xc8\v2.30\pic\sources\c99\common\lwdiv.c estimated size: 116

C:\Program Files\Microchip\xc8\v2.30\pic\sources\c99\common\awdiv.c
		___awdiv       		CODE           	2CF4	0000	196

C:\Program Files\Microchip\xc8\v2.30\pic\sources\c99\common\awdiv.c estimated size: 196

C:\Program Files\Microchip\xc8\v2.30\pic\sources\c99\common\Umul32.c
		___lmul        		CODE           	34C6	0000	106

C:\Program Files\Microchip\xc8\v2.30\pic\sources\c99\common\Umul32.c estimated size: 106

C:\Program Files\Microchip\xc8\v2.30\pic\sources\c99\common\aldiv.c
		___aldiv       		CODE           	2846	0000	268

C:\Program Files\Microchip\xc8\v2.30\pic\sources\c99\common\aldiv.c estimated size: 268

MCP4725.c
		_MCP4725       		CODE           	3DB2	0000	34
		_dac_write     		CODE           	397C	0000	72
		_dac_init      		CODE           	3A4A	0000	62

MCP4725.c estimated size: 168

shared
		__initialization		CODE           	32DC	0000	124

shared estimated size: 124

wifi.c
		_wifi_init     		CODE           	3BDA	0000	48
		_wifi_send     		CODE           	2FC0	0000	166
		_Wifi_connect  		CODE           	270E	0000	312
		_Wifi_mode     		CODE           	2E68	0000	176

wifi.c estimated size: 702

spi_i2c.c
		_I2C_stop      		CODE           	3EB4	0000	20
		_I2C_init      		CODE           	3AC4	0000	58
		_I2C_tx        		CODE           	3E4E	0000	22
		_I2C_start     		CODE           	3EA0	0000	20
		_I2C_ack_receive		CODE           	3EFE	0000	16

spi_i2c.c estimated size: 136

timer1.c
		_setT1         		CODE           	3E64	0000	20
		_intt1_1ms     		CODE           	3C0A	0000	48
		_statusT1      		CODE           	3EC8	0000	18
		_timer1_init   		CODE           	3DF2	0000	26

timer1.c estimated size: 112

main.c
		_main          		CODE           	0012	0000	7808
		_irq           		CODE           	0008	0000	50

main.c estimated size: 7858

dispLCD4vias.c
		_dispLCD_lincol		CODE           	3530	0000	98
		_dispLCD_dataReg		CODE           	3856	0000	78
		_dispLCD_instReg		CODE           	2952	0000	240
		_dispLCD       		CODE           	38EC	0000	72
		_dispLCD_clr   		CODE           	3F58	0000	8
		_dispLCD_num   		CODE           	2300	0000	378
		_dispLCD_str   		CODE           	35F0	0000	94
		_dispLCD_init  		CODE           	3BA4	0000	54

dispLCD4vias.c estimated size: 1022

