Microchip MPLAB XC8 Compiler V2.30

Linker command line:

-W-3 --edf=C:\Program Files\Microchip\xc8\v2.30\pic\dat\en_msgs.txt -cn \
  -h+dist/default/production\segProg_18F4550.X.production.sym \
  --cmf=dist/default/production\segProg_18F4550.X.production.cmf -z \
  -Q18F4550 -oC:\Users\gustavo\AppData\Local\Temp\sfacx2 \
  --defsym=__MPLAB_BUILD=1 \
  -Mdist/default/production/segProg_18F4550.X.production.map -E1 \
  -ver=XC8 Compiler --acfsm=1493 -ASTACK=0E7h-07FFh -pstack=STACK \
  -ACODE=00h-07FFFh -ACONST=00h-07FFFh -ASMALLCONST=0800h-08FFhx120 \
  -AMEDIUMCONST=0800h-07FFFh -ACOMRAM=01h-05Fh -AABS1=00h-07FFh \
  -ABIGRAM=01h-07FFh -ARAM=060h-0FFh,0100h-01FFhx7 -ABANK0=060h-0FFh \
  -ABANK1=0100h-01FFh -ABANK2=0200h-02FFh -ABANK3=0300h-03FFh \
  -ABANK4=0400h-04FFh -ABANK5=0500h-05FFh -ABANK6=0600h-06FFh \
  -ABANK7=0700h-07FFh -ASFR=0F60h-0FFFh -ACONFIG=0300000h-030000Dh \
  -AIDLOC=0200000h-0200007h -AEEDATA=0F00000h-0F000FFh -peeprom_data=EEDATA \
  -preset_vec=00h,intcode=08h,intcodelo,powerup,init -pramtop=0800h \
  -psmallconst=SMALLCONST -pmediumconst=MEDIUMCONST -pconst=CONST \
  -AFARRAM=00h-00h \
  -prdata=COMRAM,nvrram=COMRAM,nvbit=COMRAM,rbss=COMRAM,rbit=COMRAM \
  -pfarbss=FARRAM,fardata=FARRAM,nvFARRAM=FARRAM \
  -pintsave_regs=BIGRAM,bigbss=BIGRAM,bigdata=BIGRAM -pbss=RAM \
  -pidata=CODE,irdata=CODE,ibigdata=CODE,ifardata=CODE -prparam=COMRAM \
  C:\Users\gustavo\AppData\Local\Temp\sfacx8.o \
  dist/default/production\segProg_18F4550.X.production.o 

Object code version is 3.11

Machine type is 18F4550



                Name                               Link     Load   Length Selector   Space Scale
C:\Users\gustavo\AppData\Local\Temp\sfacx8.o
                idloc                            200000   200000        8        0       5
                config                           300000   300000        E        0       4
                init                                  E        E        4        4       0
                reset_vec                             0        0        4        0       0
dist/default/production\segProg_18F4550.X.production.o
                intcode                               8        8        6        4       0
                idloc                            200000   200000        8        0       5
                config                           300000   300000        E        0       4
                temp                                 59       59        1        1       1
                mediumconst                        7D20     7D20      2E0     3E90       0
                text80                             3794     3794       30        4       0
                intcode_body                       387C     387C       2C        4       0
                text78                             2D46     2D46       A4        4       0
                text77                             36B6     36B6       3A        4       0
                text76                             3A52     3A52       14        4       0
                text75                             3AB0     3AB0       10     1D3D       0
                text74                             3A3E     3A3E       14        4       0
                text73                             3A00     3A00       16        4       0
                text72                             384E     384E       2E        4       0
                text71                             363C     363C       3E        4       0
                text70                             356E     356E       48        4       0
                text69                             3964     3964       22        4       0
                text68                             267C     267C      10C        4       0
                text67                             30AE     30AE       6A        4       0
                text66                             3B1E     3B1E        6     1D3D       0
                text65                             39EA     39EA       16        4       0
                text64                             3AC0     3AC0        E     1D3D       0
                text63                             391E     391E       24        4       0
                text62                             38D0     38D0       28        4       0
                text61                             35FA     35FA       42        4       0
                text60                             3820     3820       2E        4       0
                text59                             36F0     36F0       38        4       0
                text58                             303A     303A       74        4       0
                text57                             37F2     37F2       2E        4       0
                text56                             38F8     38F8       26        4       0
                text55                             3526     3526       48        4       0
                text54                             3448     3448       4E        4       0
                text53                             2788     2788       F0        4       0
                text52                             3118     3118       62        4       0
                text51                             34DE     34DE       48        4       0
                text50                             3B0A     3B0A        8     1D3D       0
                text49                             375E     375E       36        4       0
                text48                             3238     3238       5E        4       0
                text47                             23E8     23E8      154        4       0
                text46                             2B2A     2B2A       C4        4       0
                text45                             367A     367A       3C        4       0
                text44                             2960     2960       E8        4       0
                text43                             33A0     33A0       58        4       0
                text42                             3B00     3B00        A     1D3D       0
                text41                             3496     3496       48        4       0
                text40                             3348     3348       58        4       0
                text39                             3AF6     3AF6        A     1D3D       0
                text38                             2E8A     2E8A       9A        4       0
                text37                             253C     253C      140        4       0
                text36                             2F24     2F24       98        4       0
                text35                             39D4     39D4       16        4       0
                text34                             3B2C     3B2C        4     1D3D       0
                text33                             3A2A     3A2A       14        4       0
                text32                             31DA     31DA       5E        4       0
                text31                             2BEE     2BEE       B0        4       0
                text30                             1E00     1E00      2E4        4       0
                text29                             3B28     3B28        4     1D3D       0
                text28                             39BE     39BE       16        4       0
                text27                             3986     3986       1E        4       0
                text26                             3AEC     3AEC        A     1D3D       0
                text25                             37C4     37C4       2E        4       0
                text24                             3AE2     3AE2        A     1D3D       0
                text23                             2878     2878       E8        4       0
                text22                             33F8     33F8       50        4       0
                text21                             226E     226E      17A        4       0
                text20                             3A9E     3A9E       12     1D3D       0
                text19                             3B24     3B24        4     1D3D       0
                text18                             3A8C     3A8C       12     1D3D       0
                text17                             20E4     20E4      18A        4       0
                text16                             3AD8     3AD8        A     1D3D       0
                text15                             3B18     3B18        6     1D3D       0
                text14                             2DEA     2DEA       A0        4       0
                text13                             2FBC     2FBC       7E        4       0
                text12                             3942     3942       22        4       0
                text11                             35B6     35B6       44        4       0
                text10                             3296     3296       5A        4       0
                text9                              3B12     3B12        6     1D3D       0
                text8                              32F0     32F0       58        4       0
                text7                              3A16     3A16       14        4       0
                text6                              2A48     2A48       E2        4       0
                text5                              3A7A     3A7A       12     1D3D       0
                text4                              2C9E     2C9E       A8        4       0
                text3                              3728     3728       36        4       0
                text2                              3ACE     3ACE        A     1D3D       0
                text1                              39A4     39A4       1A        4       0
                text0                                12       12     1DEE        4       0
                cstackCOMRAM                         26       26       20        1       1
                cstackBANK0                          60       60       5D       60       1
                dataBANK0                            BD       BD       28       60       1
                bssBANK0                             E5       E5        2       60       1
                dataCOMRAM                           46       46       13        1       1
                bssCOMRAM                             1        1       25        1       1
                cinit                              317A     317A       60        4       0
                idataBANK0                         38A8     38A8       28        4       0
                idataCOMRAM                        3A66     3A66       13        4       0

TOTAL           Name                               Link     Load   Length     Space
        CLASS   STACK          

        CLASS   CODE           
                intcode                               8        8        6         0
                init                                  E        E        4         0
                reset_vec                             0        0        4         0
                text80                             3794     3794       30         0
                intcode_body                       387C     387C       2C         0
                text78                             2D46     2D46       A4         0
                text77                             36B6     36B6       3A         0
                text76                             3A52     3A52       14         0
                text75                             3AB0     3AB0       10         0
                text74                             3A3E     3A3E       14         0
                text73                             3A00     3A00       16         0
                text72                             384E     384E       2E         0
                text71                             363C     363C       3E         0
                text70                             356E     356E       48         0
                text69                             3964     3964       22         0
                text68                             267C     267C      10C         0
                text67                             30AE     30AE       6A         0
                text66                             3B1E     3B1E        6         0
                text65                             39EA     39EA       16         0
                text64                             3AC0     3AC0        E         0
                text63                             391E     391E       24         0
                text62                             38D0     38D0       28         0
                text61                             35FA     35FA       42         0
                text60                             3820     3820       2E         0
                text59                             36F0     36F0       38         0
                text58                             303A     303A       74         0
                text57                             37F2     37F2       2E         0
                text56                             38F8     38F8       26         0
                text55                             3526     3526       48         0
                text54                             3448     3448       4E         0
                text53                             2788     2788       F0         0
                text52                             3118     3118       62         0
                text51                             34DE     34DE       48         0
                text50                             3B0A     3B0A        8         0
                text49                             375E     375E       36         0
                text48                             3238     3238       5E         0
                text47                             23E8     23E8      154         0
                text46                             2B2A     2B2A       C4         0
                text45                             367A     367A       3C         0
                text44                             2960     2960       E8         0
                text43                             33A0     33A0       58         0
                text42                             3B00     3B00        A         0
                text41                             3496     3496       48         0
                text40                             3348     3348       58         0
                text39                             3AF6     3AF6        A         0
                text38                             2E8A     2E8A       9A         0
                text37                             253C     253C      140         0
                text36                             2F24     2F24       98         0
                text35                             39D4     39D4       16         0
                text34                             3B2C     3B2C        4         0
                text33                             3A2A     3A2A       14         0
                text32                             31DA     31DA       5E         0
                text31                             2BEE     2BEE       B0         0
                text30                             1E00     1E00      2E4         0
                text29                             3B28     3B28        4         0
                text28                             39BE     39BE       16         0
                text27                             3986     3986       1E         0
                text26                             3AEC     3AEC        A         0
                text25                             37C4     37C4       2E         0
                text24                             3AE2     3AE2        A         0
                text23                             2878     2878       E8         0
                text22                             33F8     33F8       50         0
                text21                             226E     226E      17A         0
                text20                             3A9E     3A9E       12         0
                text19                             3B24     3B24        4         0
                text18                             3A8C     3A8C       12         0
                text17                             20E4     20E4      18A         0
                text16                             3AD8     3AD8        A         0
                text15                             3B18     3B18        6         0
                text14                             2DEA     2DEA       A0         0
                text13                             2FBC     2FBC       7E         0
                text12                             3942     3942       22         0
                text11                             35B6     35B6       44         0
                text10                             3296     3296       5A         0
                text9                              3B12     3B12        6         0
                text8                              32F0     32F0       58         0
                text7                              3A16     3A16       14         0
                text6                              2A48     2A48       E2         0
                text5                              3A7A     3A7A       12         0
                text4                              2C9E     2C9E       A8         0
                text3                              3728     3728       36         0
                text2                              3ACE     3ACE        A         0
                text1                              39A4     39A4       1A         0
                text0                                12       12     1DEE         0
                cinit                              317A     317A       60         0
                idataBANK0                         38A8     38A8       28         0
                idataCOMRAM                        3A66     3A66       13         0

        CLASS   CONST          

        CLASS   SMALLCONST     

        CLASS   MEDIUMCONST    
                mediumconst                        7D20     7D20      2E0         0

        CLASS   COMRAM         
                temp                                 59       59        1         1
                cstackCOMRAM                         26       26       20         1
                dataCOMRAM                           46       46       13         1
                bssCOMRAM                             1        1       25         1

        CLASS   ABS1           

        CLASS   BIGRAM         

        CLASS   RAM            

        CLASS   BANK0          
                cstackBANK0                          60       60       5D         1
                dataBANK0                            BD       BD       28         1
                bssBANK0                             E5       E5        2         1

        CLASS   BANK1          

        CLASS   BANK2          

        CLASS   BANK3          

        CLASS   BANK4          

        CLASS   BANK5          

        CLASS   BANK6          

        CLASS   BANK7          

        CLASS   SFR            

        CLASS   CONFIG         
                config                           300000   300000        E         4

        CLASS   IDLOC          
                idloc                            200000   200000        8         5

        CLASS   EEDATA         

        CLASS   FARRAM         



SEGMENTS        Name                           Load    Length   Top    Selector   Space  Class

                reset_vec                      000000  000004  000004         0       0  CODE    
                bssCOMRAM                      000001  000059  00005A         1       1  COMRAM  
                intcode                        000008  003A71  003A79         4       0  CODE    
                cstackBANK0                    000060  000087  0000E7        60       1  BANK0   
                text5                          003A7A  0000B6  003B30      1D3D       0  CODE    
                mediumconst                    007D20  0002E0  008000      3E90       0  MEDIUMCO


UNUSED ADDRESS RANGES

        Name                Unused          Largest block    Delta
        BANK0            0000E7-0000FF               19
        BANK1            000100-0001FF              100
        BANK2            000200-0002FF              100
        BANK3            000300-0003FF              100
        BANK4            000400-0004FF              100
        BANK5            000500-0005FF              100
        BANK6            000600-0006FF              100
        BANK7            000700-0007FF              100
        BIGRAM           00005A-00005F                6
                         0000E7-0007FF              719
        CODE             000004-000007                4
                         003A79-003A79                1
                         003B30-007D1F             41F0
        COMRAM           00005A-00005F                6
        CONST            000004-000007                4
                         003A79-003A79                1
                         003B30-007D1F             41F0
        EEDATA           F00000-F000FF              100
        MEDIUMCONST      003A79-003A79                1
                         003B30-007D1F             41F0
        RAM              0000E7-0007FF              100
        SFR              000F60-000FFF               A0
        SMALLCONST       003A79-003A79                1
                         003B30-007D1F              100
        STACK            0000E7-0007FF              719

                                  Symbol Table

?___aldiv                         cstackCOMRAM 000032
?___awdiv                         cstackCOMRAM 000026
?___awmod                         cstackCOMRAM 000026
?___lldiv                         cstackCOMRAM 000026
?___lmul                          cstackCOMRAM 000026
?___lwdiv                         cstackCOMRAM 000026
?___wmul                          cstackCOMRAM 000026
?_end_receita                     cstackCOMRAM 000026
?_fifo_adrs                       cstackCOMRAM 000026
?_getCiclos                       cstackCOMRAM 000026
?_getContCiclos                   cstackCOMRAM 000026
?_statusT1                        cstackCOMRAM 000026
EEPROM_read@addr                  cstackCOMRAM 000026
EEPROM_write@addr                 cstackCOMRAM 000027
EEPROM_write@data                 cstackCOMRAM 000026
I2C_init@freq                     cstackCOMRAM 000033
I2C_tx@b                          cstackCOMRAM 000026
MCP4725@Vout                      cstackCOMRAM 000040
_ADCON1                           (abs)        000FC1
_EEADR                            (abs)        000FA9
_EECON1bits                       (abs)        000FA6
_EECON2                           (abs)        000FA7
_EEDATA                           (abs)        000FA8
_EEPROM                           dataBANK0    0000D1
_EEPROM_read                      text64       003AC0
_EEPROM_write                     text60       003820
_I2C_ack_receive                  text75       003AB0
_I2C_init                         text77       0036B6
_I2C_start                        text74       003A3E
_I2C_stop                         text76       003A52
_I2C_tx                           text73       003A00
_IHM                              dataBANK0    0000DB
_INTCONbits                       (abs)        000FF2
_LCDbits                          (abs)        000F8A
_MCP4725                          text69       003964
_PIE1bits                         (abs)        000F9D
_PIR1bits                         (abs)        000F9E
_PORTAbits                        (abs)        000F80
_PORTD                            (abs)        000F83
_SERIALIO                         (abs)        000F80
_SSPADD                           (abs)        000FC8
_SSPBUF                           (abs)        000FC9
_SSPCON1bits                      (abs)        000FC6
_SSPCON2bits                      (abs)        000FC5
_SSPSTATbits                      (abs)        000FC7
_T1CONbits                        (abs)        000FCD
_TMR1H                            (abs)        000FCF
_TMR1L                            (abs)        000FCE
_TRISAbits                        (abs)        000F92
_TRISBbits                        (abs)        000F93
_TRISD                            (abs)        000F95
__HRAM                            (abs)        000000
__Habs1                           abs1         000000
__Hbank0                          bank0        000000
__Hbank1                          bank1        000000
__Hbank2                          bank2        000000
__Hbank3                          bank3        000000
__Hbank4                          bank4        000000
__Hbank5                          bank5        000000
__Hbank6                          bank6        000000
__Hbank7                          bank7        000000
__Hbigbss                         bigbss       000000
__Hbigdata                        bigdata      000000
__Hbigram                         bigram       000000
__Hbss                            bss          000000
__HbssBANK0                       bssBANK0     000000
__HbssCOMRAM                      bssCOMRAM    000000
__Hcinit                          cinit        000000
__Hclrtext                        clrtext      000000
__Hcomram                         comram       000000
__Hconfig                         config       30000E
__Hconst                          const        000000
__HcstackBANK0                    cstackBANK0  000000
__HcstackCOMRAM                   cstackCOMRAM 000000
__Hdata                           data         000000
__HdataBANK0                      dataBANK0    000000
__HdataCOMRAM                     dataCOMRAM   000000
__Heeprom_data                    eeprom_data  000000
__Hfarbss                         farbss       000000
__Hfardata                        fardata      000000
__Hibigdata                       ibigdata     000000
__Hidata                          idata        000000
__HidataBANK0                     idataBANK0   000000
__HidataCOMRAM                    idataCOMRAM  000000
__Hidloc                          idloc        200008
__Hifardata                       ifardata     000000
__Hinit                           init         000012
__Hintcode                        intcode      00000E
__Hintcode_body                   intcode_body 000000
__Hintcodelo                      intcodelo    00000E
__Hintentry                       intentry     000000
__Hintret                         intret       000000
__Hintsave_regs                   intsave_regs 000000
__Hirdata                         irdata       000000
__Hmediumconst                    mediumconst  008000
__HnvFARRAM                       nvFARRAM     000000
__Hnvbit                          nvbit        000000
__Hnvrram                         nvrram       000000
__Hparam                          rparam       000000
__Hpowerup                        powerup      00000E
__Hram                            ram          000000
__Hramtop                         ramtop       000800
__Hrbit                           rbit         000000
__Hrbss                           rbss         000000
__Hrdata                          rdata        000000
__Hreset_vec                      reset_vec    000004
__Hrparam                         rparam       000000
__Hsfr                            sfr          000000
__Hsmallconst                     smallconst   000000
__Hspace_0                        (abs)        008000
__Hspace_1                        (abs)        0000E7
__Hspace_2                        (abs)        000000
__Hspace_4                        (abs)        60000E
__Hstack                          stack        000000
__Hstruct                         struct       000000
__Htemp                           temp         00005A
__Htext                           text         000000
__Htext0                          text0        000000
__Htext1                          text1        000000
__Htext10                         text10       000000
__Htext11                         text11       000000
__Htext12                         text12       000000
__Htext13                         text13       000000
__Htext14                         text14       000000
__Htext15                         text15       000000
__Htext16                         text16       000000
__Htext17                         text17       000000
__Htext18                         text18       000000
__Htext19                         text19       000000
__Htext2                          text2        000000
__Htext20                         text20       000000
__Htext21                         text21       000000
__Htext22                         text22       000000
__Htext23                         text23       000000
__Htext24                         text24       000000
__Htext25                         text25       000000
__Htext26                         text26       000000
__Htext27                         text27       000000
__Htext28                         text28       000000
__Htext29                         text29       000000
__Htext3                          text3        000000
__Htext30                         text30       000000
__Htext31                         text31       000000
__Htext32                         text32       000000
__Htext33                         text33       000000
__Htext34                         text34       000000
__Htext35                         text35       000000
__Htext36                         text36       000000
__Htext37                         text37       000000
__Htext38                         text38       000000
__Htext39                         text39       000000
__Htext4                          text4        000000
__Htext40                         text40       000000
__Htext41                         text41       000000
__Htext42                         text42       000000
__Htext43                         text43       000000
__Htext44                         text44       000000
__Htext45                         text45       000000
__Htext46                         text46       000000
__Htext47                         text47       000000
__Htext48                         text48       000000
__Htext49                         text49       000000
__Htext5                          text5        000000
__Htext50                         text50       000000
__Htext51                         text51       000000
__Htext52                         text52       000000
__Htext53                         text53       000000
__Htext54                         text54       000000
__Htext55                         text55       000000
__Htext56                         text56       000000
__Htext57                         text57       000000
__Htext58                         text58       000000
__Htext59                         text59       000000
__Htext6                          text6        000000
__Htext60                         text60       000000
__Htext61                         text61       000000
__Htext62                         text62       000000
__Htext63                         text63       000000
__Htext64                         text64       000000
__Htext65                         text65       000000
__Htext66                         text66       000000
__Htext67                         text67       000000
__Htext68                         text68       000000
__Htext69                         text69       000000
__Htext7                          text7        000000
__Htext70                         text70       000000
__Htext71                         text71       000000
__Htext72                         text72       000000
__Htext73                         text73       000000
__Htext74                         text74       000000
__Htext75                         text75       000000
__Htext76                         text76       000000
__Htext77                         text77       000000
__Htext78                         text78       000000
__Htext8                          text8        000000
__Htext80                         text80       000000
__Htext81                         text81       000000
__Htext9                          text9        000000
__LRAM                            (abs)        000001
__Labs1                           abs1         000000
__Lbank0                          bank0        000000
__Lbank1                          bank1        000000
__Lbank2                          bank2        000000
__Lbank3                          bank3        000000
__Lbank4                          bank4        000000
__Lbank5                          bank5        000000
__Lbank6                          bank6        000000
__Lbank7                          bank7        000000
__Lbigbss                         bigbss       000000
__Lbigdata                        bigdata      000000
__Lbigram                         bigram       000000
__Lbss                            bss          000000
__LbssBANK0                       bssBANK0     000000
__LbssCOMRAM                      bssCOMRAM    000000
__Lcinit                          cinit        000000
__Lclrtext                        clrtext      000000
__Lcomram                         comram       000000
__Lconfig                         config       000000
__Lconst                          const        000000
__LcstackBANK0                    cstackBANK0  000000
__LcstackCOMRAM                   cstackCOMRAM 000000
__Ldata                           data         000000
__LdataBANK0                      dataBANK0    000000
__LdataCOMRAM                     dataCOMRAM   000000
__Leeprom_data                    eeprom_data  000000
__Lfarbss                         farbss       000000
__Lfardata                        fardata      000000
__Libigdata                       ibigdata     000000
__Lidata                          idata        000000
__LidataBANK0                     idataBANK0   000000
__LidataCOMRAM                    idataCOMRAM  000000
__Lidloc                          idloc        000000
__Lifardata                       ifardata     000000
__Linit                           init         00000E
__Lintcode                        intcode      000008
__Lintcode_body                   intcode_body 000000
__Lintcodelo                      intcodelo    00000E
__Lintentry                       intentry     000000
__Lintret                         intret       000000
__Lintsave_regs                   intsave_regs 000000
__Lirdata                         irdata       000000
__Lmediumconst                    mediumconst  007D20
__LnvFARRAM                       nvFARRAM     000000
__Lnvbit                          nvbit        000000
__Lnvrram                         nvrram       000000
__Lparam                          rparam       000000
__Lpowerup                        powerup      00000E
__Lram                            ram          000000
__Lramtop                         ramtop       000800
__Lrbit                           rbit         000000
__Lrbss                           rbss         000000
__Lrdata                          rdata        000000
__Lreset_vec                      reset_vec    000000
__Lrparam                         rparam       000000
__Lsfr                            sfr          000000
__Lsmallconst                     smallconst   000000
__Lspace_0                        (abs)        000000
__Lspace_1                        (abs)        000000
__Lspace_2                        (abs)        000000
__Lspace_4                        (abs)        000000
__Lstack                          stack        000000
__Lstruct                         struct       000000
__Ltemp                           temp         000059
__Ltext                           text         000000
__Ltext0                          text0        000000
__Ltext1                          text1        000000
__Ltext10                         text10       000000
__Ltext11                         text11       000000
__Ltext12                         text12       000000
__Ltext13                         text13       000000
__Ltext14                         text14       000000
__Ltext15                         text15       000000
__Ltext16                         text16       000000
__Ltext17                         text17       000000
__Ltext18                         text18       000000
__Ltext19                         text19       000000
__Ltext2                          text2        000000
__Ltext20                         text20       000000
__Ltext21                         text21       000000
__Ltext22                         text22       000000
__Ltext23                         text23       000000
__Ltext24                         text24       000000
__Ltext25                         text25       000000
__Ltext26                         text26       000000
__Ltext27                         text27       000000
__Ltext28                         text28       000000
__Ltext29                         text29       000000
__Ltext3                          text3        000000
__Ltext30                         text30       000000
__Ltext31                         text31       000000
__Ltext32                         text32       000000
__Ltext33                         text33       000000
__Ltext34                         text34       000000
__Ltext35                         text35       000000
__Ltext36                         text36       000000
__Ltext37                         text37       000000
__Ltext38                         text38       000000
__Ltext39                         text39       000000
__Ltext4                          text4        000000
__Ltext40                         text40       000000
__Ltext41                         text41       000000
__Ltext42                         text42       000000
__Ltext43                         text43       000000
__Ltext44                         text44       000000
__Ltext45                         text45       000000
__Ltext46                         text46       000000
__Ltext47                         text47       000000
__Ltext48                         text48       000000
__Ltext49                         text49       000000
__Ltext5                          text5        000000
__Ltext50                         text50       000000
__Ltext51                         text51       000000
__Ltext52                         text52       000000
__Ltext53                         text53       000000
__Ltext54                         text54       000000
__Ltext55                         text55       000000
__Ltext56                         text56       000000
__Ltext57                         text57       000000
__Ltext58                         text58       000000
__Ltext59                         text59       000000
__Ltext6                          text6        000000
__Ltext60                         text60       000000
__Ltext61                         text61       000000
__Ltext62                         text62       000000
__Ltext63                         text63       000000
__Ltext64                         text64       000000
__Ltext65                         text65       000000
__Ltext66                         text66       000000
__Ltext67                         text67       000000
__Ltext68                         text68       000000
__Ltext69                         text69       000000
__Ltext7                          text7        000000
__Ltext70                         text70       000000
__Ltext71                         text71       000000
__Ltext72                         text72       000000
__Ltext73                         text73       000000
__Ltext74                         text74       000000
__Ltext75                         text75       000000
__Ltext76                         text76       000000
__Ltext77                         text77       000000
__Ltext78                         text78       000000
__Ltext8                          text8        000000
__Ltext80                         text80       000000
__Ltext81                         text81       000000
__Ltext9                          text9        000000
__S0                              (abs)        008000
__S1                              (abs)        0000E7
__S2                              (abs)        000000
__S4                              (abs)        000000
__S5                              (abs)        000000
___aldiv                          text68       00267C
___aldiv@counter                  cstackCOMRAM 00003A
___aldiv@dividend                 cstackCOMRAM 000032
___aldiv@divisor                  cstackCOMRAM 000036
___aldiv@quotient                 cstackCOMRAM 00003C
___aldiv@sign                     cstackCOMRAM 00003B
___awdiv                          text46       002B2A
___awdiv@counter                  cstackCOMRAM 00002A
___awdiv@dividend                 cstackCOMRAM 000026
___awdiv@divisor                  cstackCOMRAM 000028
___awdiv@quotient                 cstackCOMRAM 00002C
___awdiv@sign                     cstackCOMRAM 00002B
___awmod                          text31       002BEE
___awmod@counter                  cstackCOMRAM 00002A
___awmod@dividend                 cstackCOMRAM 000026
___awmod@divisor                  cstackCOMRAM 000028
___awmod@sign                     cstackCOMRAM 00002B
___inthi_sp                       stack        000000
___intlo_sp                       stack        000000
___lldiv                          text78       002D46
___lldiv@counter                  cstackCOMRAM 000032
___lldiv@dividend                 cstackCOMRAM 000026
___lldiv@divisor                  cstackCOMRAM 00002A
___lldiv@quotient                 cstackCOMRAM 00002E
___lmul                           text67       0030AE
___lmul@multiplicand              cstackCOMRAM 00002A
___lmul@multiplier                cstackCOMRAM 000026
___lmul@product                   cstackCOMRAM 00002E
___lwdiv                          text58       00303A
___lwdiv@counter                  cstackCOMRAM 00002C
___lwdiv@dividend                 cstackCOMRAM 000026
___lwdiv@divisor                  cstackCOMRAM 000028
___lwdiv@quotient                 cstackCOMRAM 00002A
___param_bank                     (abs)        000000
___rparam_used                    (abs)        000001
___sp                             stack        000000
___wmul                           text56       0038F8
___wmul@multiplicand              cstackCOMRAM 000028
___wmul@multiplier                cstackCOMRAM 000026
___wmul@product                   cstackCOMRAM 00002A
__accesstop                       (abs)        000060
__activetblptr                    (abs)        000002
__end_of_EEPROM_read              text64       003ACE
__end_of_EEPROM_write             text60       00384E
__end_of_I2C_ack_receive          text75       003AC0
__end_of_I2C_init                 text77       0036F0
__end_of_I2C_start                text74       003A52
__end_of_I2C_stop                 text76       003A66
__end_of_I2C_tx                   text73       003A16
__end_of_MCP4725                  text69       003986
__end_of___aldiv                  text68       002788
__end_of___awdiv                  text46       002BEE
__end_of___awmod                  text31       002C9E
__end_of___lldiv                  text78       002DEA
__end_of___lmul                   text67       003118
__end_of___lwdiv                  text58       0030AE
__end_of___wmul                   text56       00391E
__end_of__initialization          cinit        0031CC
__end_of_addContCiclos            text66       003B24
__end_of_addIndicePassos          text65       003A00
__end_of_alt_atuador              text38       002F24
__end_of_buscar_dado              text62       0038F8
__end_of_buscar_receita           text61       00363C
__end_of_codifica                 text47       00253C
__end_of_dac_init                 text71       00367A
__end_of_dac_write                text70       0035B6
__end_of_decodifica               text37       00267C
__end_of_delay                    text72       00387C
__end_of_deletar_receita          text59       003728
__end_of_dignum_apagar            text57       003820
__end_of_dignum_conc              text55       00356E
__end_of_dignum_tam               text45       0036B6
__end_of_dispLCD                  text51       003526
__end_of_dispLCD_clr              text50       003B12
__end_of_dispLCD_dataReg          text54       003496
__end_of_dispLCD_init             text49       003794
__end_of_dispLCD_instReg          text53       002878
__end_of_dispLCD_lincol           text52       00317A
__end_of_dispLCD_num              text21       0023E8
__end_of_dispLCD_str              text48       003296
__end_of_end_receita              text63       003942
__end_of_fifo_add                 text43       0033F8
__end_of_fifo_add_ciclo           text42       003B0A
__end_of_fifo_add_control         text41       0034DE
__end_of_fifo_add_tempo           text40       0033A0
__end_of_fifo_adrs                text39       003B00
__end_of_fifo_alinharPrint        text44       002A48
__end_of_fifo_delete              text36       002FBC
__end_of_fifo_disponivel          text35       0039EA
__end_of_fifo_indice              text34       003B30
__end_of_fifo_indicePrint_dec     text33       003A3E
__end_of_fifo_indicePrint_inc     text32       003238
__end_of_fifo_lerPos              text20       003AB0
__end_of_fifo_print               text30       0020E4
__end_of_fifo_tam                 text29       003B2C
__end_of_formatar_receitas        text28       0039D4
__end_of_getCiclos                text27       0039A4
__end_of_getContCiclos            text26       003AF6
__end_of_getIndicePassos          text19       003B28
__end_of_initSerialIO             text25       0037F2
__end_of_init_atuadores           text24       003AEC
__end_of_intt1_1ms                text80       0037C4
__end_of_irq                      intcode_body 0038A8
__end_of_ler_atuador              text14       002E8A
__end_of_ler_sensor               text23       002960
__end_of_main                     text0        001E00
__end_of_manipula_atuadores_init  text22       003448
__end_of_posAtual                 text18       003A9E
__end_of_printExec                text17       00226E
__end_of_resetContCiclos          text16       003AE2
__end_of_resetIndicePassos        text15       003B1E
__end_of_salva_atuadores_init     text13       00303A
__end_of_salvar_dado              text12       003964
__end_of_salvar_receita           text11       0035FA
__end_of_serialIObyteShift        text10       0032F0
__end_of_serialIOload             text9        003B18
__end_of_serialIOscan             text8        003348
__end_of_setT1                    text7        003A2A
__end_of_set_passo                text6        002B2A
__end_of_statusT1                 text5        003A8C
__end_of_teclado_borda            text3        00375E
__end_of_teclado_init             text2        003AD8
__end_of_teclado_scan             text4        002D46
__end_of_timer1_init              text1        0039BE
__initialization                  cinit        00317A
__mediumconst                     mediumconst  007D20
__pbssBANK0                       bssBANK0     0000E5
__pbssCOMRAM                      bssCOMRAM    000001
__pcinit                          cinit        00317A
__pcstackBANK0                    cstackBANK0  000060
__pcstackCOMRAM                   cstackCOMRAM 000026
__pdataBANK0                      dataBANK0    0000BD
__pdataCOMRAM                     dataCOMRAM   000046
__pidataBANK0                     idataBANK0   0038A8
__pidataCOMRAM                    idataCOMRAM  003A66
__pintcode                        intcode      000008
__pintcode_body                   intcode_body 00387C
__pmediumconst                    mediumconst  007D20
__ptext0                          text0        000012
__ptext1                          text1        0039A4
__ptext10                         text10       003296
__ptext11                         text11       0035B6
__ptext12                         text12       003942
__ptext13                         text13       002FBC
__ptext14                         text14       002DEA
__ptext15                         text15       003B18
__ptext16                         text16       003AD8
__ptext17                         text17       0020E4
__ptext18                         text18       003A8C
__ptext19                         text19       003B24
__ptext2                          text2        003ACE
__ptext20                         text20       003A9E
__ptext21                         text21       00226E
__ptext22                         text22       0033F8
__ptext23                         text23       002878
__ptext24                         text24       003AE2
__ptext25                         text25       0037C4
__ptext26                         text26       003AEC
__ptext27                         text27       003986
__ptext28                         text28       0039BE
__ptext29                         text29       003B28
__ptext3                          text3        003728
__ptext30                         text30       001E00
__ptext31                         text31       002BEE
__ptext32                         text32       0031DA
__ptext33                         text33       003A2A
__ptext34                         text34       003B2C
__ptext35                         text35       0039D4
__ptext36                         text36       002F24
__ptext37                         text37       00253C
__ptext38                         text38       002E8A
__ptext39                         text39       003AF6
__ptext4                          text4        002C9E
__ptext40                         text40       003348
__ptext41                         text41       003496
__ptext42                         text42       003B00
__ptext43                         text43       0033A0
__ptext44                         text44       002960
__ptext45                         text45       00367A
__ptext46                         text46       002B2A
__ptext47                         text47       0023E8
__ptext48                         text48       003238
__ptext49                         text49       00375E
__ptext5                          text5        003A7A
__ptext50                         text50       003B0A
__ptext51                         text51       0034DE
__ptext52                         text52       003118
__ptext53                         text53       002788
__ptext54                         text54       003448
__ptext55                         text55       003526
__ptext56                         text56       0038F8
__ptext57                         text57       0037F2
__ptext58                         text58       00303A
__ptext59                         text59       0036F0
__ptext6                          text6        002A48
__ptext60                         text60       003820
__ptext61                         text61       0035FA
__ptext62                         text62       0038D0
__ptext63                         text63       00391E
__ptext64                         text64       003AC0
__ptext65                         text65       0039EA
__ptext66                         text66       003B1E
__ptext67                         text67       0030AE
__ptext68                         text68       00267C
__ptext69                         text69       003964
__ptext7                          text7        003A16
__ptext70                         text70       00356E
__ptext71                         text71       00363C
__ptext72                         text72       00384E
__ptext73                         text73       003A00
__ptext74                         text74       003A3E
__ptext75                         text75       003AB0
__ptext76                         text76       003A52
__ptext77                         text77       0036B6
__ptext78                         text78       002D46
__ptext8                          text8        0032F0
__ptext80                         text80       003794
__ptext81                         text81       000000
__ptext9                          text9        003B12
__ramtop                          ramtop       000800
__size_of_EEPROM_read             (abs)        000000
__size_of_EEPROM_write            (abs)        000000
__size_of_I2C_ack_receive         (abs)        000000
__size_of_I2C_init                (abs)        000000
__size_of_I2C_start               (abs)        000000
__size_of_I2C_stop                (abs)        000000
__size_of_I2C_tx                  (abs)        000000
__size_of_MCP4725                 (abs)        000000
__size_of___aldiv                 (abs)        000000
__size_of___awdiv                 (abs)        000000
__size_of___awmod                 (abs)        000000
__size_of___lldiv                 (abs)        000000
__size_of___lmul                  (abs)        000000
__size_of___lwdiv                 (abs)        000000
__size_of___wmul                  (abs)        000000
__size_of_addContCiclos           (abs)        000000
__size_of_addIndicePassos         (abs)        000000
__size_of_alt_atuador             (abs)        000000
__size_of_buscar_dado             (abs)        000000
__size_of_buscar_receita          (abs)        000000
__size_of_codifica                (abs)        000000
__size_of_dac_init                (abs)        000000
__size_of_dac_write               (abs)        000000
__size_of_decodifica              (abs)        000000
__size_of_delay                   (abs)        000000
__size_of_deletar_receita         (abs)        000000
__size_of_dignum_apagar           (abs)        000000
__size_of_dignum_conc             (abs)        000000
__size_of_dignum_tam              (abs)        000000
__size_of_dispLCD                 (abs)        000000
__size_of_dispLCD_clr             (abs)        000000
__size_of_dispLCD_dataReg         (abs)        000000
__size_of_dispLCD_init            (abs)        000000
__size_of_dispLCD_instReg         (abs)        000000
__size_of_dispLCD_lincol          (abs)        000000
__size_of_dispLCD_num             (abs)        000000
__size_of_dispLCD_str             (abs)        000000
__size_of_end_receita             (abs)        000000
__size_of_fifo_add                (abs)        000000
__size_of_fifo_add_ciclo          (abs)        000000
__size_of_fifo_add_control        (abs)        000000
__size_of_fifo_add_tempo          (abs)        000000
__size_of_fifo_adrs               (abs)        000000
__size_of_fifo_alinharPrint       (abs)        000000
__size_of_fifo_delete             (abs)        000000
__size_of_fifo_disponivel         (abs)        000000
__size_of_fifo_indice             (abs)        000000
__size_of_fifo_indicePrint_dec    (abs)        000000
__size_of_fifo_indicePrint_inc    (abs)        000000
__size_of_fifo_lerPos             (abs)        000000
__size_of_fifo_print              (abs)        000000
__size_of_fifo_tam                (abs)        000000
__size_of_formatar_receitas       (abs)        000000
__size_of_getCiclos               (abs)        000000
__size_of_getContCiclos           (abs)        000000
__size_of_getIndicePassos         (abs)        000000
__size_of_initSerialIO            (abs)        000000
__size_of_init_atuadores          (abs)        000000
__size_of_intt1_1ms               (abs)        000000
__size_of_irq                     (abs)        000000
__size_of_ler_atuador             (abs)        000000
__size_of_ler_sensor              (abs)        000000
__size_of_main                    (abs)        000000
__size_of_manipula_atuadores_init (abs)        000000
__size_of_posAtual                (abs)        000000
__size_of_printExec               (abs)        000000
__size_of_resetContCiclos         (abs)        000000
__size_of_resetIndicePassos       (abs)        000000
__size_of_salva_atuadores_init    (abs)        000000
__size_of_salvar_dado             (abs)        000000
__size_of_salvar_receita          (abs)        000000
__size_of_serialIObyteShift       (abs)        000000
__size_of_serialIOload            (abs)        000000
__size_of_serialIOscan            (abs)        000000
__size_of_setT1                   (abs)        000000
__size_of_set_passo               (abs)        000000
__size_of_statusT1                (abs)        000000
__size_of_teclado_borda           (abs)        000000
__size_of_teclado_init            (abs)        000000
__size_of_teclado_scan            (abs)        000000
__size_of_timer1_init             (abs)        000000
__smallconst                      smallconst   000000
_addContCiclos                    text66       003B1E
_addIndicePassos                  text65       0039EA
_alt_atuador                      text38       002E8A
_atuador                          bssCOMRAM    000013
_buscar_dado                      text62       0038D0
_buscar_receita                   text61       0035FA
_ciclos                           bssCOMRAM    00000F
_codifica                         text47       0023E8
_cont_ciclos                      bssCOMRAM    00000D
_dac_init                         text71       00363C
_dac_write                        text70       00356E
_decodifica                       text37       00253C
_delay                            text72       00384E
_deletar_receita                  text59       0036F0
_dignum_apagar                    text57       0037F2
_dignum_conc                      text55       003526
_dignum_tam                       text45       00367A
_dispLCD                          text51       0034DE
_dispLCD_clr                      text50       003B0A
_dispLCD_dataReg                  text54       003448
_dispLCD_init                     text49       00375E
_dispLCD_instReg                  text53       002788
_dispLCD_lincol                   text52       003118
_dispLCD_num                      text21       00226E
_dispLCD_str                      text48       003238
_end_receita                      text63       00391E
_fifo_add                         text43       0033A0
_fifo_add_ciclo                   text42       003B00
_fifo_add_control                 text41       003496
_fifo_add_tempo                   text40       003348
_fifo_adrs                        text39       003AF6
_fifo_alinharPrint                text44       002960
_fifo_delete                      text36       002F24
_fifo_disponivel                  text35       0039D4
_fifo_indice                      text34       003B2C
_fifo_indicePrint_dec             text33       003A2A
_fifo_indicePrint_inc             text32       0031DA
_fifo_lerPos                      text20       003A9E
_fifo_print                       text30       001E00
_fifo_print$946                   cstackCOMRAM 000030
_fifo_tam                         text29       003B28
_fila                             bssCOMRAM    000014
_formatar_receitas                text28       0039BE
_getCiclos                        text27       003986
_getContCiclos                    text26       003AEC
_getIndicePassos                  text19       003B24
_ind_fila                         dataCOMRAM   000058
_ind_print                        dataCOMRAM   000057
_indice_passos                    dataCOMRAM   000056
_initSerialIO                     text25       0037C4
_init_atuadores                   text24       003AE2
_intt1_1ms                        text80       003794
_irq                              intcode      000008
_lenSerialIO                      bssCOMRAM    000012
_ler_atuador                      text14       002DEA
_ler_sensor                       text23       002878
_main                             text0        000012
_main$546                         cstackBANK0  000086
_main$565                         cstackBANK0  000088
_main$569                         cstackBANK0  00008A
_main$570                         cstackBANK0  00008C
_main$571                         cstackBANK0  00008E
_main$572                         cstackBANK0  000090
_main$573                         cstackBANK0  000092
_main$574                         cstackBANK0  000094
_main$575                         cstackBANK0  000096
_main$576                         cstackBANK0  000098
_main$578                         cstackBANK0  00009A
_manipula_atuadores_init          text22       0033F8
_posAtual                         text18       003A8C
_printExec                        text17       0020E4
_printExec$968                    cstackCOMRAM 000040
_ptrSerialIn                      bssCOMRAM    00000B
_ptrSerialOut                     bssCOMRAM    000009
_receita_livre                    (abs)        000000
_resetContCiclos                  text16       003AD8
_resetIndicePassos                text15       003B18
_salva_atuadores_init             text13       002FBC
_salvar_dado                      text12       003942
_salvar_receita                   text11       0035B6
_serialIObyteShift                text10       003296
_serialIOload                     text9        003B12
_serialIOscan                     text8        0032F0
_setT1                            text7        003A16
_set_passo                        text6        002A48
_statusT1                         text5        003A7A
_t1cont                           bssCOMRAM    000001
_teclaAnterior                    bssCOMRAM    000011
_teclado_borda                    text3        003728
_teclado_init                     text2        003ACE
_teclado_scan                     text4        002C9E
_teclas                           dataCOMRAM   000046
_timer1_init                      text1        0039A4
alt_atuador@tecla                 cstackCOMRAM 000028
btemp                             temp         000059
buscar_dado@adrs                  cstackCOMRAM 000031
buscar_dado@aux                   cstackCOMRAM 00002F
buscar_dado@col                   cstackCOMRAM 00002C
buscar_dado@data                  cstackCOMRAM 00002D
buscar_receita@adrs               cstackCOMRAM 000030
buscar_receita@aux                cstackCOMRAM 00002E
buscar_receita@data               cstackCOMRAM 00002C
buscar_receita@i                  cstackCOMRAM 000031
codifica@dado                     cstackCOMRAM 000026
codifica@tipo                     cstackCOMRAM 00002A
dac_write@code                    cstackCOMRAM 000029
decodifica@d                      cstackCOMRAM 000026
delay@t                           cstackCOMRAM 000026
deletar_receita@aux               cstackCOMRAM 00002A
deletar_receita@i                 cstackCOMRAM 00002D
deletar_receita@receita           cstackCOMRAM 00002C
dignum_apagar@ptrNum              cstackCOMRAM 00002D
dignum_conc@dig                   cstackCOMRAM 000030
dignum_conc@ptrNum                cstackCOMRAM 00002C
dignum_tam@num                    cstackCOMRAM 00002E
dignum_tam@tam                    cstackCOMRAM 000030
dispLCD@col                       cstackCOMRAM 00002D
dispLCD@lin                       cstackCOMRAM 000031
dispLCD@pos                       cstackCOMRAM 000030
dispLCD@str                       cstackCOMRAM 00002E
dispLCD_dataReg@d                 cstackCOMRAM 000027
dispLCD_instReg@i                 cstackCOMRAM 000027
dispLCD_lincol@aux                cstackCOMRAM 00002C
dispLCD_lincol@col                cstackCOMRAM 000028
dispLCD_lincol@lin                cstackCOMRAM 00002B
dispLCD_num@col                   cstackCOMRAM 000031
dispLCD_num@div                   cstackCOMRAM 00003D
dispLCD_num@lin                   cstackCOMRAM 00003A
dispLCD_num@num                   cstackCOMRAM 000032
dispLCD_num@sinal                 cstackCOMRAM 00003C
dispLCD_num@size                  cstackCOMRAM 00003B
dispLCD_num@tam                   cstackCOMRAM 000034
dispLCD_str@c                     cstackCOMRAM 000030
dispLCD_str@lin                   cstackCOMRAM 00002F
dispLCD_str@str                   cstackCOMRAM 00002D
end_of_initialization             cinit        0031CC
end_receita@x                     cstackCOMRAM 000026
fifo_add@passo                    cstackCOMRAM 000035
fifo_add_ciclo@ciclos             cstackCOMRAM 000026
fifo_add_control@c                cstackCOMRAM 000035
fifo_add_tempo@t                  cstackCOMRAM 000035
fifo_alinharPrint@aux             cstackCOMRAM 000034
fifo_alinharPrint@cont            cstackCOMRAM 000032
fifo_alinharPrint@i               cstackCOMRAM 000033
fifo_lerPos@i                     cstackCOMRAM 000026
fifo_print@atraso                 cstackCOMRAM 000035
fifo_print@comando                cstackCOMRAM 000036
fifo_print@completar              cstackCOMRAM 000032
fifo_print@i                      cstackCOMRAM 000034
fifo_print@indPrint               cstackCOMRAM 000033
formatar_receitas@i               cstackCOMRAM 000028
getCiclos@aux                     cstackCOMRAM 000028
initSerialIO@length               cstackCOMRAM 00002A
initSerialIO@ptrIn                cstackCOMRAM 000026
initSerialIO@ptrOut               cstackCOMRAM 000028
int$flags                         temp         000059
int_func                          intcode_body 00387C
intlevel0                         text         000000
intlevel1                         text         000000
intlevel2                         text         000000
intlevel3                         text         000000
ler_atuador@tecla                 cstackCOMRAM 000028
ler_sensor@passo                  cstackCOMRAM 00002A
ler_sensor@ptr                    cstackCOMRAM 000026
main@F3405                        dataBANK0    0000BD
main@aux                          cstackBANK0  000075
main@auxPasso                     cstackBANK0  0000BA
main@botao                        cstackBANK0  0000B3
main@ciclos                       cstackBANK0  0000B0
main@contPassos                   cstackBANK0  000074
main@estado                       cstackBANK0  0000BB
main@i                            cstackBANK0  0000A1
main@i_536                        cstackBANK0  0000A3
main@i_542                        cstackBANK0  00009C
main@i_554                        cstackBANK0  0000A5
main@i_557                        cstackBANK0  0000A7
main@i_587                        cstackBANK0  0000A9
main@i_590                        cstackBANK0  0000AB
main@init_cond                    cstackBANK0  0000B2
main@j                            cstackBANK0  0000A2
main@j_537                        cstackBANK0  0000A4
main@j_555                        cstackBANK0  0000A6
main@j_558                        cstackBANK0  0000A8
main@j_588                        cstackBANK0  0000AA
main@j_591                        cstackBANK0  0000AC
main@lema                         cstackBANK0  000060
main@meAtuadores                  cstackBANK0  0000AF
main@num                          cstackBANK0  0000B4
main@pt                           cstackBANK0  00009D
main@ptr                          cstackBANK0  00009F
main@ptr_545                      cstackBANK0  0000B6
main@ptr_564                      cstackBANK0  0000B8
main@tecla                        cstackBANK0  0000BC
main@vetorIn                      cstackBANK0  0000AD
main@vetorOut                     cstackBANK0  0000AE
main@vetor_aux                    cstackBANK0  000076
manipula_atuadores_init@atuador   cstackCOMRAM 000029
manipula_atuadores_init@aux       cstackCOMRAM 00002A
manipula_atuadores_init@mask      cstackCOMRAM 00002B
posAtual@ind                      cstackCOMRAM 000027
posAtual@passo                    cstackCOMRAM 000028
printExec@col                     cstackCOMRAM 000042
printExec@ind                     cstackCOMRAM 00003F
printExec@passo                   cstackCOMRAM 000043
salva_atuadores_init@condi_init   cstackCOMRAM 000029
salva_atuadores_init@dado         cstackCOMRAM 00002F
salva_atuadores_init@mask         cstackCOMRAM 000030
salva_atuadores_init@pt           cstackCOMRAM 00002D
salvar_dado@adrs                  cstackCOMRAM 000030
salvar_dado@aux                   cstackCOMRAM 00002E
salvar_dado@col                   cstackCOMRAM 00002C
salvar_dado@data                  cstackCOMRAM 00002D
salvar_receita@adrs               cstackCOMRAM 000030
salvar_receita@aux                cstackCOMRAM 00002E
salvar_receita@data               cstackCOMRAM 00002C
salvar_receita@i                  cstackCOMRAM 000031
serialIObyteShift@dataBit         cstackCOMRAM 000028
serialIObyteShift@dataIn          cstackCOMRAM 000026
serialIObyteShift@dataOut         cstackCOMRAM 000027
serialIOscan@i                    cstackCOMRAM 00002C
serialIOscan@j                    cstackCOMRAM 00002B
setT1@c                           cstackCOMRAM 00002C
set_passo@passo                   cstackCOMRAM 00002A
set_passo@ptr                     cstackCOMRAM 000026
stackhi                           (abs)        0007FF
stacklo                           (abs)        0000E7
start                             init         00000E
start_initialization              cinit        00317A
teclado_borda@aux                 cstackCOMRAM 00002B
teclado_borda@tecla               cstackCOMRAM 00002C
teclado_scan@c                    cstackCOMRAM 00002A
teclado_scan@l                    cstackCOMRAM 000029
teclado_scan@tecla                cstackCOMRAM 000028
ttemp5                            temp         00005A
ttemp6                            temp         00005D
ttemp7                            temp         000061
wtemp8                            temp         00005A


FUNCTION INFORMATION:

 *************** function _main *****************
 Defined at:
		line 69 in file "main.c"
 Parameters:    Size  Location     Type
		None
 Auto vars:     Size  Location     Type
  j               1   76[BANK0 ] unsigned char 
  j               1   74[BANK0 ] unsigned char 
  j               1   72[BANK0 ] unsigned char 
  j               1   70[BANK0 ] unsigned char 
  j               1   68[BANK0 ] unsigned char 
  j               1   66[BANK0 ] unsigned char 
  ptr             2   88[BANK0 ] PTR unsigned char 
		 -> main@vetor_aux(16), 
  i               1   75[BANK0 ] unsigned char 
  i               1   73[BANK0 ] unsigned char 
  i               1   71[BANK0 ] unsigned char 
  i               1   69[BANK0 ] unsigned char 
  ptr             2   86[BANK0 ] PTR unsigned char 
		 -> main@vetor_aux(16), 
  i               1   67[BANK0 ] unsigned char 
  i               1   65[BANK0 ] unsigned char 
  lema           20    0[BANK0 ] unsigned char [20]
  ptr             2   63[BANK0 ] PTR unsigned char 
		 -> main@lema(20), 
  i               1   60[BANK0 ] unsigned char 
  vetor_aux      16   22[BANK0 ] unsigned char [16]
  num             2   84[BANK0 ] unsigned int 
  ciclos          2   80[BANK0 ] unsigned int 
  pt              2   61[BANK0 ] PTR unsigned char 
		 -> main@vetor_aux(16), 
  tecla           1   92[BANK0 ] unsigned char 
  estado          1   91[BANK0 ] unsigned char 
  auxPasso        1   90[BANK0 ] unsigned char 
  botao           1   83[BANK0 ] unsigned char 
  init_cond       1   82[BANK0 ] unsigned char 
  meAtuadores     1   79[BANK0 ] unsigned char 
  vetorOut        1   78[BANK0 ] unsigned char [1]
  vetorIn         1   77[BANK0 ] unsigned char [1]
  aux             1   21[BANK0 ] unsigned char 
  contPassos      1   20[BANK0 ] unsigned char 
  atuador         1    0        unsigned char 
 Return value:  Size  Location     Type
                  1    wreg      void 
 Registers used:
		wreg, fsr1l, fsr1h, fsr2l, fsr2h, status,2, status,0, pclath, tosl, tblptrl, tblptrh, tblptru, prodl, prodh, cstack
 Tracked objects:
		On entry : 
		On exit  : 
		Unchanged: 
 Data sizes:     COMRAM   BANK0   BANK1   BANK2   BANK3   BANK4   BANK5   BANK6   BANK7
      Params:         0       0       0       0       0       0       0       0       0
      Locals:         0      93       0       0       0       0       0       0       0
      Temps:          2       0       0       0       0       0       0       0       0
      Totals:         2      93       0       0       0       0       0       0       0
Total ram usage:       95 bytes
 Hardware stack levels required when called:    6
 This function calls:
		_I2C_init
		_MCP4725
		___aldiv
		___awmod
		___lmul
		___wmul
		_addContCiclos
		_addIndicePassos
		_alt_atuador
		_buscar_dado
		_buscar_receita
		_decodifica
		_delay
		_deletar_receita
		_dignum_apagar
		_dignum_conc
		_dispLCD
		_dispLCD_clr
		_dispLCD_dataReg
		_dispLCD_init
		_dispLCD_lincol
		_dispLCD_num
		_dispLCD_str
		_fifo_add
		_fifo_add_ciclo
		_fifo_add_control
		_fifo_add_tempo
		_fifo_adrs
		_fifo_delete
		_fifo_disponivel
		_fifo_indice
		_fifo_indicePrint_dec
		_fifo_indicePrint_inc
		_fifo_lerPos
		_fifo_print
		_fifo_tam
		_formatar_receitas
		_getCiclos
		_getContCiclos
		_getIndicePassos
		_initSerialIO
		_init_atuadores
		_ler_atuador
		_ler_sensor
		_manipula_atuadores_init
		_printExec
		_resetContCiclos
		_resetIndicePassos
		_salva_atuadores_init
		_salvar_dado
		_salvar_receita
		_serialIOscan
		_setT1
		_set_passo
		_statusT1
		_teclado_borda
		_teclado_init
		_timer1_init
 This function is called by:
		Startup code after reset
 This function uses a non-reentrant model


 *************** function _timer1_init *****************
 Defined at:
		line 16 in file "timer1.c"
 Parameters:    Size  Location     Type
		None
 Auto vars:     Size  Location     Type
		None
 Return value:  Size  Location     Type
                  1    wreg      void 
 Registers used:
		wreg, status,2
 Tracked objects:
		On entry : 
		On exit  : 
		Unchanged: 
 Data sizes:     COMRAM   BANK0   BANK1   BANK2   BANK3   BANK4   BANK5   BANK6   BANK7
      Params:         0       0       0       0       0       0       0       0       0
      Locals:         0       0       0       0       0       0       0       0       0
      Temps:          0       0       0       0       0       0       0       0       0
      Totals:         0       0       0       0       0       0       0       0       0
Total ram usage:        0 bytes
 Hardware stack levels used:    1
 Hardware stack levels required when called:    2
 This function calls:
		Nothing
 This function is called by:
		_main
 This function uses a non-reentrant model


 *************** function _teclado_init *****************
 Defined at:
		line 29 in file "teclado.c"
 Parameters:    Size  Location     Type
		None
 Auto vars:     Size  Location     Type
		None
 Return value:  Size  Location     Type
                  1    wreg      void 
 Registers used:
		wreg, status,2
 Tracked objects:
		On entry : 
		On exit  : 
		Unchanged: 
 Data sizes:     COMRAM   BANK0   BANK1   BANK2   BANK3   BANK4   BANK5   BANK6   BANK7
      Params:         0       0       0       0       0       0       0       0       0
      Locals:         0       0       0       0       0       0       0       0       0
      Temps:          0       0       0       0       0       0       0       0       0
      Totals:         0       0       0       0       0       0       0       0       0
Total ram usage:        0 bytes
 Hardware stack levels used:    1
 Hardware stack levels required when called:    2
 This function calls:
		Nothing
 This function is called by:
		_main
 This function uses a non-reentrant model


 *************** function _teclado_borda *****************
 Defined at:
		line 92 in file "teclado.c"
 Parameters:    Size  Location     Type
		None
 Auto vars:     Size  Location     Type
  tecla           1    6[COMRAM] unsigned char 
  aux             1    5[COMRAM] unsigned char 
 Return value:  Size  Location     Type
                  1    wreg      unsigned char 
 Registers used:
		wreg, fsr2l, fsr2h, status,2, status,0, prodl, prodh, cstack
 Tracked objects:
		On entry : 
		On exit  : 
		Unchanged: 
 Data sizes:     COMRAM   BANK0   BANK1   BANK2   BANK3   BANK4   BANK5   BANK6   BANK7
      Params:         0       0       0       0       0       0       0       0       0
      Locals:         2       0       0       0       0       0       0       0       0
      Temps:          0       0       0       0       0       0       0       0       0
      Totals:         2       0       0       0       0       0       0       0       0
Total ram usage:        2 bytes
 Hardware stack levels used:    1
 Hardware stack levels required when called:    3
 This function calls:
		_teclado_scan
 This function is called by:
		_main
 This function uses a non-reentrant model


 *************** function _teclado_scan *****************
 Defined at:
		line 55 in file "teclado.c"
 Parameters:    Size  Location     Type
		None
 Auto vars:     Size  Location     Type
  c               1    4[COMRAM] unsigned char 
  l               1    3[COMRAM] unsigned char 
  tecla           1    2[COMRAM] unsigned char 
 Return value:  Size  Location     Type
                  1    wreg      unsigned char 
 Registers used:
		wreg, fsr2l, fsr2h, status,2, status,0, prodl, prodh
 Tracked objects:
		On entry : 
		On exit  : 
		Unchanged: 
 Data sizes:     COMRAM   BANK0   BANK1   BANK2   BANK3   BANK4   BANK5   BANK6   BANK7
      Params:         0       0       0       0       0       0       0       0       0
      Locals:         3       0       0       0       0       0       0       0       0
      Temps:          2       0       0       0       0       0       0       0       0
      Totals:         5       0       0       0       0       0       0       0       0
Total ram usage:        5 bytes
 Hardware stack levels used:    1
 Hardware stack levels required when called:    2
 This function calls:
		Nothing
 This function is called by:
		_teclado_borda
 This function uses a non-reentrant model


 *************** function _statusT1 *****************
 Defined at:
		line 38 in file "timer1.c"
 Parameters:    Size  Location     Type
		None
 Auto vars:     Size  Location     Type
		None
 Return value:  Size  Location     Type
                  4    0[COMRAM] unsigned long 
 Registers used:
		None
 Tracked objects:
		On entry : 
		On exit  : 
		Unchanged: 
 Data sizes:     COMRAM   BANK0   BANK1   BANK2   BANK3   BANK4   BANK5   BANK6   BANK7
      Params:         4       0       0       0       0       0       0       0       0
      Locals:         0       0       0       0       0       0       0       0       0
      Temps:          0       0       0       0       0       0       0       0       0
      Totals:         4       0       0       0       0       0       0       0       0
Total ram usage:        4 bytes
 Hardware stack levels used:    1
 Hardware stack levels required when called:    2
 This function calls:
		Nothing
 This function is called by:
		_main
 This function uses a non-reentrant model


 *************** function _set_passo *****************
 Defined at:
		line 53 in file "atuadores.c"
 Parameters:    Size  Location     Type
  passo           1    wreg     unsigned char 
  ptr             2    0[COMRAM] PTR unsigned char 
		 -> main@vetorOut(1), 
 Auto vars:     Size  Location     Type
  passo           1    4[COMRAM] unsigned char 
 Return value:  Size  Location     Type
                  1    wreg      void 
 Registers used:
		wreg, fsr2l, fsr2h, status,2, status,0
 Tracked objects:
		On entry : 
		On exit  : 
		Unchanged: 
 Data sizes:     COMRAM   BANK0   BANK1   BANK2   BANK3   BANK4   BANK5   BANK6   BANK7
      Params:         2       0       0       0       0       0       0       0       0
      Locals:         1       0       0       0       0       0       0       0       0
[...]
 Parameters:    Size  Location     Type
  dividend        4   12[COMRAM] long 
  divisor         4   16[COMRAM] long 
 Auto vars:     Size  Location     Type
  quotient        4   22[COMRAM] long 
  sign            1   21[COMRAM] unsigned char 
  counter         1   20[COMRAM] unsigned char 
 Return value:  Size  Location     Type
                  4   12[COMRAM] long 
 Registers used:
		wreg, status,2, status,0
 Tracked objects:
		On entry : 
		On exit  : 
		Unchanged: 
 Data sizes:     COMRAM   BANK0   BANK1   BANK2   BANK3   BANK4   BANK5   BANK6   BANK7
      Params:         8       0       0       0       0       0       0       0       0
      Locals:         6       0       0       0       0       0       0       0       0
      Temps:          0       0       0       0       0       0       0       0       0
      Totals:        14       0       0       0       0       0       0       0       0
Total ram usage:       14 bytes
 Hardware stack levels used:    1
 Hardware stack levels required when called:    2
 This function calls:
		Nothing
 This function is called by:
		_main
 This function uses a non-reentrant model


 *************** function _MCP4725 *****************
 Defined at:
		line 35 in file "MCP4725.c"
 Parameters:    Size  Location     Type
  Vout            2   26[COMRAM] unsigned int 
 Auto vars:     Size  Location     Type
		None
 Return value:  Size  Location     Type
                  1    wreg      void 
 Registers used:
		wreg, status,2, status,0, cstack
 Tracked objects:
		On entry : 
		On exit  : 
		Unchanged: 
 Data sizes:     COMRAM   BANK0   BANK1   BANK2   BANK3   BANK4   BANK5   BANK6   BANK7
      Params:         2       0       0       0       0       0       0       0       0
      Locals:         0       0       0       0       0       0       0       0       0
      Temps:          0       0       0       0       0       0       0       0       0
      Totals:         2       0       0       0       0       0       0       0       0
Total ram usage:        2 bytes
 Hardware stack levels used:    1
 Hardware stack levels required when called:    4
 This function calls:
		_I2C_stop
		_dac_init
		_dac_write
		_delay
 This function is called by:
		_main
 This function uses a non-reentrant model


 *************** function _dac_write *****************
 Defined at:
		line 25 in file "MCP4725.c"
 Parameters:    Size  Location     Type
  code            2    3[COMRAM] unsigned int 
 Auto vars:     Size  Location     Type
		None
 Return value:  Size  Location     Type
                  1    wreg      void 
 Registers used:
		wreg, status,2, status,0, cstack
 Tracked objects:
		On entry : 
		On exit  : 
		Unchanged: 
 Data sizes:     COMRAM   BANK0   BANK1   BANK2   BANK3   BANK4   BANK5   BANK6   BANK7
      Params:         2       0       0       0       0       0       0       0       0
      Locals:         0       0       0       0       0       0       0       0       0
      Temps:          3       0       0       0       0       0       0       0       0
      Totals:         5       0       0       0       0       0       0       0       0
Total ram usage:        5 bytes
 Hardware stack levels used:    1
 Hardware stack levels required when called:    3
 This function calls:
		_I2C_ack_receive
		_I2C_tx
		_delay
 This function is called by:
		_MCP4725
		_MCP4725X
 This function uses a non-reentrant model


 *************** function _dac_init *****************
 Defined at:
		line 13 in file "MCP4725.c"
 Parameters:    Size  Location     Type
		None
 Auto vars:     Size  Location     Type
		None
 Return value:  Size  Location     Type
                  1    wreg      void 
 Registers used:
		wreg, status,2, status,0, cstack
 Tracked objects:
		On entry : 
		On exit  : 
		Unchanged: 
 Data sizes:     COMRAM   BANK0   BANK1   BANK2   BANK3   BANK4   BANK5   BANK6   BANK7
      Params:         0       0       0       0       0       0       0       0       0
      Locals:         0       0       0       0       0       0       0       0       0
      Temps:          0       0       0       0       0       0       0       0       0
      Totals:         0       0       0       0       0       0       0       0       0
Total ram usage:        0 bytes
 Hardware stack levels used:    1
 Hardware stack levels required when called:    3
 This function calls:
		_I2C_ack_receive
		_I2C_start
		_I2C_tx
		_delay
 This function is called by:
		_MCP4725
		_MCP4725X
 This function uses a non-reentrant model


 *************** function _delay *****************
 Defined at:
		line 10 in file "delay.c"
 Parameters:    Size  Location     Type
  t               2    0[COMRAM] unsigned int 
 Auto vars:     Size  Location     Type
		None
 Return value:  Size  Location     Type
                  1    wreg      void 
 Registers used:
		wreg, status,2, status,0
 Tracked objects:
		On entry : 
		On exit  : 
		Unchanged: 
 Data sizes:     COMRAM   BANK0   BANK1   BANK2   BANK3   BANK4   BANK5   BANK6   BANK7
      Params:         2       0       0       0       0       0       0       0       0
      Locals:         0       0       0       0       0       0       0       0       0
      Temps:          1       0       0       0       0       0       0       0       0
      Totals:         3       0       0       0       0       0       0       0       0
Total ram usage:        3 bytes
 Hardware stack levels used:    1
 Hardware stack levels required when called:    2
 This function calls:
		Nothing
 This function is called by:
		_main
		_dispLCD_init
		_dac_init
		_dac_write
		_MCP4725
		_MCP4725X
 This function uses a non-reentrant model


 *************** function _I2C_tx *****************
 Defined at:
		line 36 in file "spi_i2c.c"
 Parameters:    Size  Location     Type
  b               1    wreg     unsigned char 
 Auto vars:     Size  Location     Type
  b               1    0[COMRAM] unsigned char 
 Return value:  Size  Location     Type
                  1    wreg      void 
 Registers used:
		wreg
 Tracked objects:
		On entry : 
		On exit  : 
		Unchanged: 
 Data sizes:     COMRAM   BANK0   BANK1   BANK2   BANK3   BANK4   BANK5   BANK6   BANK7
      Params:         0       0       0       0       0       0       0       0       0
      Locals:         1       0       0       0       0       0       0       0       0
      Temps:          0       0       0       0       0       0       0       0       0
      Totals:         1       0       0       0       0       0       0       0       0
Total ram usage:        1 bytes
 Hardware stack levels used:    1
 Hardware stack levels required when called:    2
 This function calls:
		Nothing
 This function is called by:
		_dac_init
		_dac_write
 This function uses a non-reentrant model


 *************** function _I2C_start *****************
 Defined at:
		line 22 in file "spi_i2c.c"
 Parameters:    Size  Location     Type
		None
 Auto vars:     Size  Location     Type
		None
 Return value:  Size  Location     Type
                  1    wreg      void 
 Registers used:
		None
 Tracked objects:
		On entry : 
		On exit  : 
		Unchanged: 
 Data sizes:     COMRAM   BANK0   BANK1   BANK2   BANK3   BANK4   BANK5   BANK6   BANK7
      Params:         0       0       0       0       0       0       0       0       0
      Locals:         0       0       0       0       0       0       0       0       0
      Temps:          0       0       0       0       0       0       0       0       0
      Totals:         0       0       0       0       0       0       0       0       0
Total ram usage:        0 bytes
 Hardware stack levels used:    1
 Hardware stack levels required when called:    2
 This function calls:
		Nothing
 This function is called by:
		_dac_init
 This function uses a non-reentrant model


 *************** function _I2C_ack_receive *****************
 Defined at:
		line 56 in file "spi_i2c.c"
 Parameters:    Size  Location     Type
		None
 Auto vars:     Size  Location     Type
		None
 Return value:  Size  Location     Type
                  1    wreg      void 
 Registers used:
		None
 Tracked objects:
		On entry : 
		On exit  : 
		Unchanged: 
 Data sizes:     COMRAM   BANK0   BANK1   BANK2   BANK3   BANK4   BANK5   BANK6   BANK7
      Params:         0       0       0       0       0       0       0       0       0
      Locals:         0       0       0       0       0       0       0       0       0
      Temps:          0       0       0       0       0       0       0       0       0
      Totals:         0       0       0       0       0       0       0       0       0
Total ram usage:        0 bytes
 Hardware stack levels used:    1
 Hardware stack levels required when called:    2
 This function calls:
		Nothing
 This function is called by:
		_dac_init
		_dac_write
 This function uses a non-reentrant model


 *************** function _I2C_stop *****************
 Defined at:
		line 41 in file "spi_i2c.c"
 Parameters:    Size  Location     Type
		None
 Auto vars:     Size  Location     Type
		None
 Return value:  Size  Location     Type
                  1    wreg      void 
 Registers used:
		None
 Tracked objects:
		On entry : 
		On exit  : 
		Unchanged: 
 Data sizes:     COMRAM   BANK0   BANK1   BANK2   BANK3   BANK4   BANK5   BANK6   BANK7
      Params:         0       0       0       0       0       0       0       0       0
      Locals:         0       0       0       0       0       0       0       0       0
      Temps:          0       0       0       0       0       0       0       0       0
      Totals:         0       0       0       0       0       0       0       0       0
Total ram usage:        0 bytes
 Hardware stack levels used:    1
 Hardware stack levels required when called:    2
 This function calls:
		Nothing
 This function is called by:
		_MCP4725
		_MCP4725X
 This function uses a non-reentrant model


 *************** function _I2C_init *****************
 Defined at:
		line 12 in file "spi_i2c.c"
 Parameters:    Size  Location     Type
  freq            4   13[COMRAM] unsigned long 
 Auto vars:     Size  Location     Type
		None
 Return value:  Size  Location     Type
                  1    wreg      void 
 Registers used:
		wreg, status,2, status,0, cstack
 Tracked objects:
		On entry : 
		On exit  : 
		Unchanged: 
 Data sizes:     COMRAM   BANK0   BANK1   BANK2   BANK3   BANK4   BANK5   BANK6   BANK7
      Params:         4       0       0       0       0       0       0       0       0
      Locals:         0       0       0       0       0       0       0       0       0
      Temps:          0       0       0       0       0       0       0       0       0
      Totals:         4       0       0       0       0       0       0       0       0
Total ram usage:        4 bytes
 Hardware stack levels used:    1
 Hardware stack levels required when called:    3
 This function calls:
		___lldiv
 This function is called by:
		_main
 This function uses a non-reentrant model


 *************** function ___lldiv *****************
 Defined at:
		line 7 in file "C:\Program Files\Microchip\xc8\v2.30\pic\sources\c99\common\__lldiv.c"
 Parameters:    Size  Location     Type
  dividend        4    0[COMRAM] unsigned long 
  divisor         4    4[COMRAM] unsigned long 
 Auto vars:     Size  Location     Type
  quotient        4    8[COMRAM] unsigned long 
  counter         1   12[COMRAM] unsigned char 
 Return value:  Size  Location     Type
                  4    0[COMRAM] unsigned long 
 Registers used:
		wreg, status,2, status,0
 Tracked objects:
		On entry : 
		On exit  : 
		Unchanged: 
 Data sizes:     COMRAM   BANK0   BANK1   BANK2   BANK3   BANK4   BANK5   BANK6   BANK7
      Params:         8       0       0       0       0       0       0       0       0
      Locals:         5       0       0       0       0       0       0       0       0
      Temps:          0       0       0       0       0       0       0       0       0
      Totals:        13       0       0       0       0       0       0       0       0
Total ram usage:       13 bytes
 Hardware stack levels used:    1
 Hardware stack levels required when called:    2
 This function calls:
		Nothing
 This function is called by:
		_I2C_init
 This function uses a non-reentrant model


 *************** function _irq *****************
 Defined at:
		line 56 in file "main.c"
 Parameters:    Size  Location     Type
		None
 Auto vars:     Size  Location     Type
		None
 Return value:  Size  Location     Type
                  1    wreg      void 
 Registers used:
		wreg, status,2, status,0, cstack
 Tracked objects:
		On entry : 
		On exit  : 
		Unchanged: 
 Data sizes:     COMRAM   BANK0   BANK1   BANK2   BANK3   BANK4   BANK5   BANK6   BANK7
      Params:         0       0       0       0       0       0       0       0       0
      Locals:         0       0       0       0       0       0       0       0       0
      Temps:          0       0       0       0       0       0       0       0       0
      Totals:         0       0       0       0       0       0       0       0       0
Total ram usage:        0 bytes
 Hardware stack levels used:    1
 Hardware stack levels required when called:    1
 This function calls:
		_intt1_1ms
 This function is called by:
		Interrupt level 2
 This function uses a non-reentrant model


 *************** function _intt1_1ms *****************
 Defined at:
		line 5 in file "timer1.c"
 Parameters:    Size  Location     Type
		None
 Auto vars:     Size  Location     Type
		None
 Return value:  Size  Location     Type
                  1    wreg      void 
 Registers used:
		wreg, status,2, status,0
 Tracked objects:
		On entry : 
		On exit  : 
		Unchanged: 
 Data sizes:     COMRAM   BANK0   BANK1   BANK2   BANK3   BANK4   BANK5   BANK6   BANK7
      Params:         0       0       0       0       0       0       0       0       0
      Locals:         0       0       0       0       0       0       0       0       0
      Temps:          0       0       0       0       0       0       0       0       0
      Totals:         0       0       0       0       0       0       0       0       0
Total ram usage:        0 bytes
 Hardware stack levels used:    1
 This function calls:
		Nothing
 This function is called by:
		_irq
 This function uses a non-reentrant model



MODULE INFORMATION

Module		Function		Class		Link	Load	Size
C:\Program Files\Microchip\xc8\v2.30\pic\sources\c99\common\__lldiv.c
		___lldiv       		CODE           	2D46	0000	164

C:\Program Files\Microchip\xc8\v2.30\pic\sources\c99\common\__lldiv.c estimated size: 164

delay.c
		_delay         		CODE           	384E	0000	46

delay.c estimated size: 46

atuadores.c
		_set_passo     		CODE           	2A48	0000	226
		_ler_sensor    		CODE           	2878	0000	232

atuadores.c estimated size: 458

C:\Program Files\Microchip\xc8\v2.30\pic\sources\c99\common\awmod.c
		___awmod       		CODE           	2BEE	0000	176

C:\Program Files\Microchip\xc8\v2.30\pic\sources\c99\common\awmod.c estimated size: 176

serialIO.c
		_serialIOload  		CODE           	3B12	0000	6
		_serialIOscan  		CODE           	32F0	0000	88
		_initSerialIO  		CODE           	37C4	0000	46
		_serialIObyteShift		CODE           	3296	0000	90

serialIO.c estimated size: 230

fifo.c
		_fifo_add_control		CODE           	3496	0000	72
		_resetContCiclos		CODE           	3AD8	0000	10
		_posAtual      		CODE           	3A8C	0000	18
		_fifo_add_ciclo		CODE           	3B00	0000	10
		_fifo_add_tempo		CODE           	3348	0000	88
		_addContCiclos 		CODE           	3B1E	0000	6
		_fifo_indicePrint_inc		CODE           	31DA	0000	94
		_resetIndicePassos		CODE           	3B18	0000	6
		_dignum_tam    		CODE           	367A	0000	60
		_dignum_conc   		CODE           	3526	0000	72
		_fifo_tam      		CODE           	3B28	0000	4
		_salva_atuadores_init		CODE           	2FBC	0000	126
		_fifo_lerPos   		CODE           	3A9E	0000	18
		_dignum_apagar 		CODE           	37F2	0000	46
		_getCiclos     		CODE           	3986	0000	30
		_fifo_indice   		CODE           	3B2C	0000	4
		_ler_atuador   		CODE           	2DEA	0000	160
		_manipula_atuadores_init		CODE           	33F8	0000	80
		_fifo_delete   		CODE           	2F24	0000	152
		_codifica      		CODE           	23E8	0000	340
		_decodifica    		CODE           	253C	0000	320
		_fifo_print    		CODE           	1E00	0000	740
		_alt_atuador   		CODE           	2E8A	0000	154
		_fifo_indicePrint_dec		CODE           	3A2A	0000	20
		_fifo_alinharPrint		CODE           	2960	0000	232
		_getIndicePassos		CODE           	3B24	0000	4
		_init_atuadores		CODE           	3AE2	0000	10
		_fifo_add      		CODE           	33A0	0000	88
		_fifo_adrs     		CODE           	3AF6	0000	10
		_fifo_disponivel		CODE           	39D4	0000	22
		_printExec     		CODE           	20E4	0000	394
		_getContCiclos 		CODE           	3AEC	0000	10
		_addIndicePassos		CODE           	39EA	0000	22

fifo.c estimated size: 3422

C:\Program Files\Microchip\xc8\v2.30\pic\sources\c99\common\Umul16.c
		___wmul        		CODE           	38F8	0000	38

C:\Program Files\Microchip\xc8\v2.30\pic\sources\c99\common\Umul16.c estimated size: 38

teclado.c
		_teclado_scan  		CODE           	2C9E	0000	168
		_teclado_init  		CODE           	3ACE	0000	10
		_teclado_borda 		CODE           	3728	0000	54

teclado.c estimated size: 232

eeprom.c
		_EEPROM_read   		CODE           	3AC0	0000	14
		_EEPROM_write  		CODE           	3820	0000	46
		_buscar_dado   		CODE           	38D0	0000	40
		_salvar_dado   		CODE           	3942	0000	34
		_end_receita   		CODE           	391E	0000	36
		_formatar_receitas		CODE           	39BE	0000	22
		_buscar_receita		CODE           	35FA	0000	66
		_salvar_receita		CODE           	35B6	0000	68
		_deletar_receita		CODE           	36F0	0000	56

eeprom.c estimated size: 382

C:\Program Files\Microchip\xc8\v2.30\pic\sources\c99\common\lwdiv.c
		___lwdiv       		CODE           	303A	0000	116

C:\Program Files\Microchip\xc8\v2.30\pic\sources\c99\common\lwdiv.c estimated size: 116

C:\Program Files\Microchip\xc8\v2.30\pic\sources\c99\common\awdiv.c
		___awdiv       		CODE           	2B2A	0000	196

C:\Program Files\Microchip\xc8\v2.30\pic\sources\c99\common\awdiv.c estimated size: 196

C:\Program Files\Microchip\xc8\v2.30\pic\sources\c99\common\Umul32.c
		___lmul        		CODE           	30AE	0000	106

C:\Program Files\Microchip\xc8\v2.30\pic\sources\c99\common\Umul32.c estimated size: 106

C:\Program Files\Microchip\xc8\v2.30\pic\sources\c99\common\aldiv.c
		___aldiv       		CODE           	267C	0000	268

C:\Program Files\Microchip\xc8\v2.30\pic\sources\c99\common\aldiv.c estimated size: 268

MCP4725.c
		_MCP4725       		CODE           	3964	0000	34
		_dac_write     		CODE           	356E	0000	72
		_dac_init      		CODE           	363C	0000	62

MCP4725.c estimated size: 168

shared
		__initialization		CODE           	317A	0000	82

shared estimated size: 82

spi_i2c.c
		_I2C_stop      		CODE           	3A52	0000	20
		_I2C_init      		CODE           	36B6	0000	58
		_I2C_tx        		CODE           	3A00	0000	22
		_I2C_start     		CODE           	3A3E	0000	20
		_I2C_ack_receive		CODE           	3AB0	0000	16

spi_i2c.c estimated size: 136

timer1.c
		_setT1         		CODE           	3A16	0000	20
		_intt1_1ms     		CODE           	3794	0000	48
		_statusT1      		CODE           	3A7A	0000	18
		_timer1_init   		CODE           	39A4	0000	26

timer1.c estimated size: 112

main.c
		_main          		CODE           	0012	0000	7662
		_irq           		CODE           	0008	0000	50

main.c estimated size: 7712

dispLCD4vias.c
		_dispLCD_lincol		CODE           	3118	0000	98
		_dispLCD_dataReg		CODE           	3448	0000	78
		_dispLCD_instReg		CODE           	2788	0000	240
		_dispLCD       		CODE           	34DE	0000	72
		_dispLCD_clr   		CODE           	3B0A	0000	8
		_dispLCD_num   		CODE           	226E	0000	378
		_dispLCD_str   		CODE           	3238	0000	94
		_dispLCD_init  		CODE           	375E	0000	54

dispLCD4vias.c estimated size: 1022

